Archive member included because of file (symbol)

/home/chandler/Dev_J5ECO/component-sources/syslink_2_20_02_20/packages/ti/syslink/lib/syslink.a_debug(SharedRegion.o)
                              bin/debug/obj/main_host.ov5T (SharedRegion_getId)
/home/chandler/Dev_J5ECO/component-sources/syslink_2_20_02_20/packages/ti/syslink/lib/syslink.a_debug(Notify.o)
                              bin/debug/obj/App.ov5T (Notify_registerEventSingle)
/home/chandler/Dev_J5ECO/component-sources/syslink_2_20_02_20/packages/ti/syslink/lib/syslink.a_debug(MessageQ.o)
                              bin/debug/obj/App.ov5T (MessageQ_Params_init)
/home/chandler/Dev_J5ECO/component-sources/syslink_2_20_02_20/packages/ti/syslink/lib/syslink.a_debug(Ipc.o)
                              bin/debug/obj/main_host.ov5T (Ipc_control)
/home/chandler/Dev_J5ECO/component-sources/syslink_2_20_02_20/packages/ti/syslink/lib/syslink.a_debug(RingIO.o)
                              /home/chandler/Dev_J5ECO/component-sources/syslink_2_20_02_20/packages/ti/syslink/lib/syslink.a_debug(Ipc.o) (RingIO_getConfig)
/home/chandler/Dev_J5ECO/component-sources/syslink_2_20_02_20/packages/ti/syslink/lib/syslink.a_debug(RingIOShm.o)
                              /home/chandler/Dev_J5ECO/component-sources/syslink_2_20_02_20/packages/ti/syslink/lib/syslink.a_debug(Ipc.o) (RingIOShm_getConfig)
/home/chandler/Dev_J5ECO/component-sources/syslink_2_20_02_20/packages/ti/syslink/lib/syslink.a_debug(FrameQ.o)
                              /home/chandler/Dev_J5ECO/component-sources/syslink_2_20_02_20/packages/ti/syslink/lib/syslink.a_debug(Ipc.o) (FrameQ_getConfig)
/home/chandler/Dev_J5ECO/component-sources/syslink_2_20_02_20/packages/ti/syslink/lib/syslink.a_debug(FrameQBufMgr.o)
                              /home/chandler/Dev_J5ECO/component-sources/syslink_2_20_02_20/packages/ti/syslink/lib/syslink.a_debug(Ipc.o) (FrameQBufMgr_getConfig)
/home/chandler/Dev_J5ECO/component-sources/syslink_2_20_02_20/packages/ti/syslink/lib/syslink.a_debug(ClientNotifyMgr.o)
                              /home/chandler/Dev_J5ECO/component-sources/syslink_2_20_02_20/packages/ti/syslink/lib/syslink.a_debug(RingIO.o) (ClientNotifyMgr_sharedMemReq)
/home/chandler/Dev_J5ECO/component-sources/syslink_2_20_02_20/packages/ti/syslink/lib/syslink.a_debug(HeapMemMP.o)
                              /home/chandler/Dev_J5ECO/component-sources/syslink_2_20_02_20/packages/ti/syslink/lib/syslink.a_debug(Ipc.o) (HeapMemMP_getConfig)
/home/chandler/Dev_J5ECO/component-sources/syslink_2_20_02_20/packages/ti/syslink/lib/syslink.a_debug(HeapBufMP.o)
                              /home/chandler/Dev_J5ECO/component-sources/syslink_2_20_02_20/packages/ti/syslink/lib/syslink.a_debug(Ipc.o) (HeapBufMP_getConfig)
/home/chandler/Dev_J5ECO/component-sources/syslink_2_20_02_20/packages/ti/syslink/lib/syslink.a_debug(GateMP.o)
                              /home/chandler/Dev_J5ECO/component-sources/syslink_2_20_02_20/packages/ti/syslink/lib/syslink.a_debug(Ipc.o) (GateMP_getConfig)
/home/chandler/Dev_J5ECO/component-sources/syslink_2_20_02_20/packages/ti/syslink/lib/syslink.a_debug(SharedRegionDrv.o)
                              /home/chandler/Dev_J5ECO/component-sources/syslink_2_20_02_20/packages/ti/syslink/lib/syslink.a_debug(SharedRegion.o) (SharedRegionDrv_open)
/home/chandler/Dev_J5ECO/component-sources/syslink_2_20_02_20/packages/ti/syslink/lib/syslink.a_debug(NotifyDrvUsr.o)
                              /home/chandler/Dev_J5ECO/component-sources/syslink_2_20_02_20/packages/ti/syslink/lib/syslink.a_debug(Notify.o) (NotifyDrvUsr_open)
/home/chandler/Dev_J5ECO/component-sources/syslink_2_20_02_20/packages/ti/syslink/lib/syslink.a_debug(HeapBufMPDrv.o)
                              /home/chandler/Dev_J5ECO/component-sources/syslink_2_20_02_20/packages/ti/syslink/lib/syslink.a_debug(HeapBufMP.o) (HeapBufMPDrv_open)
/home/chandler/Dev_J5ECO/component-sources/syslink_2_20_02_20/packages/ti/syslink/lib/syslink.a_debug(MessageQDrv.o)
                              /home/chandler/Dev_J5ECO/component-sources/syslink_2_20_02_20/packages/ti/syslink/lib/syslink.a_debug(MessageQ.o) (MessageQDrv_open)
/home/chandler/Dev_J5ECO/component-sources/syslink_2_20_02_20/packages/ti/syslink/lib/syslink.a_debug(IpcDrv.o)
                              /home/chandler/Dev_J5ECO/component-sources/syslink_2_20_02_20/packages/ti/syslink/lib/syslink.a_debug(Ipc.o) (IpcDrv_open)
/home/chandler/Dev_J5ECO/component-sources/syslink_2_20_02_20/packages/ti/syslink/lib/syslink.a_debug(FrameQDrv.o)
                              /home/chandler/Dev_J5ECO/component-sources/syslink_2_20_02_20/packages/ti/syslink/lib/syslink.a_debug(FrameQ.o) (FrameQDrv_open)
/home/chandler/Dev_J5ECO/component-sources/syslink_2_20_02_20/packages/ti/syslink/lib/syslink.a_debug(FrameQBufMgrDrv.o)
                              /home/chandler/Dev_J5ECO/component-sources/syslink_2_20_02_20/packages/ti/syslink/lib/syslink.a_debug(FrameQBufMgr.o) (FrameQBufMgrDrv_open)
[...]
Memory Configuration

Name             Origin             Length             Attributes
*default*        0x00000000         0xffffffff

Linker script and memory map

LOAD /home/chandler/CodeSourcery/Sourcery_G++_Lite/bin/../arm-none-linux-gnueabi/libc/usr/lib/crt1.o
LOAD /home/chandler/CodeSourcery/Sourcery_G++_Lite/bin/../arm-none-linux-gnueabi/libc/usr/lib/crti.o
LOAD /home/chandler/CodeSourcery/Sourcery_G++_Lite/bin/../lib/gcc/arm-none-linux-gnueabi/4.3.3/crtbegin.o
LOAD bin/debug/obj/main_host.ov5T
LOAD bin/debug/obj/App.ov5T
LOAD bin/debug/obj/ParaMP4Enc.ov5T
LOAD bin/debug/obj/ParaParser.ov5T
LOAD bin/debug/obj/CallBack.ov5T
LOAD bin/debug/obj/common.ov5T
LOAD bin/debug/obj/customer_folder/111.ov5T
LOAD /home/chandler/Dev_J5ECO/component-sources/syslink_2_20_02_20/packages/ti/syslink/lib/syslink.a_debug
LOAD /home/chandler/CodeSourcery/Sourcery_G++_Lite/bin/../arm-none-linux-gnueabi/libc/usr/lib/libpthread.so
START GROUP
LOAD /home/chandler/CodeSourcery/Sourcery_G++_Lite/bin/../arm-none-linux-gnueabi/libc/lib/libpthread.so.0
LOAD /home/chandler/CodeSourcery/Sourcery_G++_Lite/bin/../arm-none-linux-gnueabi/libc/usr/lib/libpthread_nonshared.a
END GROUP
LOAD /home/chandler/CodeSourcery/Sourcery_G++_Lite/bin/../arm-none-linux-gnueabi/libc/usr/lib/librt.so
LOAD /home/chandler/Dev_J5ECO/component-sources/syslink_2_20_02_20/../../component-sources/graphics-sdk_4.07.00.01/gfx_dbg_es6.x//libEGL.so
LOAD /home/chandler/Dev_J5ECO/component-sources/syslink_2_20_02_20/../../component-sources/graphics-sdk_4.07.00.01/gfx_dbg_es6.x//libGLESv2.so
LOAD /home/chandler/CodeSourcery/Sourcery_G++_Lite/bin/../arm-none-linux-gnueabi/libc/usr/lib/libstdc++.so
LOAD /home/chandler/CodeSourcery/Sourcery_G++_Lite/bin/../arm-none-linux-gnueabi/libc/usr/lib/libm.so
LOAD /home/chandler/CodeSourcery/Sourcery_G++_Lite/bin/../arm-none-linux-gnueabi/libc/usr/lib/libc.so
START GROUP
LOAD /home/chandler/CodeSourcery/Sourcery_G++_Lite/bin/../arm-none-linux-gnueabi/libc/lib/libc.so.6
LOAD /home/chandler/CodeSourcery/Sourcery_G++_Lite/bin/../arm-none-linux-gnueabi/libc/usr/lib/libc_nonshared.a
LOAD /home/chandler/CodeSourcery/Sourcery_G++_Lite/bin/../arm-none-linux-gnueabi/libc/lib/ld-linux.so.3
END GROUP
LOAD /home/chandler/CodeSourcery/Sourcery_G++_Lite/bin/../arm-none-linux-gnueabi/libc/lib/libgcc_s.so
LOAD /home/chandler/CodeSourcery/Sourcery_G++_Lite/bin/../lib/gcc/arm-none-linux-gnueabi/4.3.3/libgcc.a
LOAD /home/chandler/CodeSourcery/Sourcery_G++_Lite/bin/../arm-none-linux-gnueabi/libc/usr/lib/libc.so
START GROUP
LOAD /home/chandler/CodeSourcery/Sourcery_G++_Lite/bin/../arm-none-linux-gnueabi/libc/lib/libc.so.6
LOAD /home/chandler/CodeSourcery/Sourcery_G++_Lite/bin/../arm-none-linux-gnueabi/libc/usr/lib/libc_nonshared.a
LOAD /home/chandler/CodeSourcery/Sourcery_G++_Lite/bin/../arm-none-linux-gnueabi/libc/lib/ld-linux.so.3
END GROUP
LOAD /home/chandler/CodeSourcery/Sourcery_G++_Lite/bin/../arm-none-linux-gnueabi/libc/lib/libgcc_s.so
LOAD /home/chandler/CodeSourcery/Sourcery_G++_Lite/bin/../lib/gcc/arm-none-linux-gnueabi/4.3.3/libgcc.a
LOAD /home/chandler/CodeSourcery/Sourcery_G++_Lite/bin/../lib/gcc/arm-none-linux-gnueabi/4.3.3/crtend.o
LOAD /home/chandler/CodeSourcery/Sourcery_G++_Lite/bin/../arm-none-linux-gnueabi/libc/usr/lib/crtn.o
                0x00008000                PROVIDE (__executable_start, 0x8000)
                0x00008134                . = (0x8000 + SIZEOF_HEADERS)

.interp         0x00008134       0x13
 *(.interp)
 .interp        0x00008134       0x13 /home/chandler/CodeSourcery/Sourcery_G++_Lite/bin/../arm-none-linux-gnueabi/libc/usr/lib/crti.o

.note.ABI-tag   0x00008148       0x20
 .note.ABI-tag  0x00008148       0x20 /home/chandler/CodeSourcery/Sourcery_G++_Lite/bin/../arm-none-linux-gnueabi/libc/usr/lib/crt1.o

.note.gnu.build-id
 *(.note.gnu.build-id)

.hash           0x00008168      0x474
 *(.hash)
 .hash          0x00008168      0x474 /home/chandler/CodeSourcery/Sourcery_G++_Lite/bin/../arm-none-linux-gnueabi/libc/usr/lib/crti.o

.gnu.hash
 *(.gnu.hash)

.dynsym         0x000085dc      0x980
 *(.dynsym)
 .dynsym        0x000085dc      0x980 /home/chandler/CodeSourcery/Sourcery_G++_Lite/bin/../arm-none-linux-gnueabi/libc/usr/lib/crti.o

.dynstr         0x00008f5c      0x7b5
 *(.dynstr)
 .dynstr        0x00008f5c      0x7b5 /home/chandler/CodeSourcery/Sourcery_G++_Lite/bin/../arm-none-linux-gnueabi/libc/usr/lib/crti.o

.gnu.version    0x00009712      0x130
 *(.gnu.version)
 .gnu.version   0x00009712      0x130 /home/chandler/CodeSourcery/Sourcery_G++_Lite/bin/../arm-none-linux-gnueabi/libc/usr/lib/crti.o

.gnu.version_d  0x00009844        0x0 load address 0x00009842
 *(.gnu.version_d)
 .gnu.version_d
                0x00000000        0x0 /home/chandler/CodeSourcery/Sourcery_G++_Lite/bin/../arm-none-linux-gnueabi/libc/usr/lib/crti.o

.gnu.version_r  0x00009844       0xa0
 *(.gnu.version_r)
 .gnu.version_r
                0x00009844       0xa0 /home/chandler/CodeSourcery/Sourcery_G++_Lite/bin/../arm-none-linux-gnueabi/libc/usr/lib/crti.o

.rel.dyn        0x000098e4       0xc8
 *(.rel.init)
 *(.rel.text .rel.text.* .rel.gnu.linkonce.t.*)
 *(.rel.fini)
 *(.rel.rodata .rel.rodata.* .rel.gnu.linkonce.r.*)
 *(.rel.data.rel.ro* .rel.gnu.linkonce.d.rel.ro.*)
 *(.rel.data .rel.data.* .rel.gnu.linkonce.d.*)
 *(.rel.tdata .rel.tdata.* .rel.gnu.linkonce.td.*)
 *(.rel.tbss .rel.tbss.* .rel.gnu.linkonce.tb.*)
 *(.rel.ctors)
 *(.rel.dtors)
 *(.rel.got)
 .rel.got       0x000098e4       0xc0 /home/chandler/CodeSourcery/Sourcery_G++_Lite/bin/../arm-none-linux-gnueabi/libc/usr/lib/crti.o
 *(.rel.bss .rel.bss.* .rel.gnu.linkonce.b.*)
 .rel.bss       0x000099a4        0x8 /home/chandler/CodeSourcery/Sourcery_G++_Lite/bin/../arm-none-linux-gnueabi/libc/usr/lib/crti.o

.rel.ifunc.dyn
 *(.rel.ifunc.*)

.rela.dyn
 *(.rela.init)
 *(.rela.text .rela.text.* .rela.gnu.linkonce.t.*)
 *(.rela.fini)
 *(.rela.rodata .rela.rodata.* .rela.gnu.linkonce.r.*)
 *(.rela.data .rela.data.* .rela.gnu.linkonce.d.*)
 *(.rela.tdata .rela.tdata.* .rela.gnu.linkonce.td.*)
 *(.rela.tbss .rela.tbss.* .rela.gnu.linkonce.tb.*)
 *(.rela.ctors)
 *(.rela.dtors)
 *(.rela.got)
 *(.rela.bss .rela.bss.* .rela.gnu.linkonce.b.*)

.rela.ifunc.dyn
 *(.rela.ifunc.*)

.rel.plt        0x000099ac      0x380
 *(.rel.plt)
 .rel.plt       0x000099ac      0x380 /home/chandler/CodeSourcery/Sourcery_G++_Lite/bin/../arm-none-linux-gnueabi/libc/usr/lib/crti.o

.rela.plt
 *(.rela.plt)

.init           0x00009d2c        0xc
 *(.init)
 .init          0x00009d2c        0x8 /home/chandler/CodeSourcery/Sourcery_G++_Lite/bin/../arm-none-linux-gnueabi/libc/usr/lib/crti.o
                0x00009d2c                _init
 .init          0x00009d34        0x4 /home/chandler/CodeSourcery/Sourcery_G++_Lite/bin/../arm-none-linux-gnueabi/libc/usr/lib/crtn.o

.plt            0x00009d38      0x554
 *(.plt)
 .plt           0x00009d38      0x554 /home/chandler/CodeSourcery/Sourcery_G++_Lite/bin/../arm-none-linux-gnueabi/libc/usr/lib/crti.o
                0x00009d4c                open@@GLIBC_2.4
                0x00009d58                glAttachShader
                0x00009d64                glEnable
                0x00009d70                mmap@@GLIBC_2.4
                0x00009d7c                abort@@GLIBC_2.4
                0x00009d88                glBindAttribLocation
                0x00009d94                glGetShaderiv
                0x00009da0                pthread_exit@@GLIBC_2.4
                0x00009dac                __libc_start_main@@GLIBC_2.4
                0x00009db8                __aeabi_dmul@@GCC_3.5
                0x00009dd0                glDisable
                0x00009ddc                glTexParameterf
                0x00009de8                glClear
                0x00009df4                vsprintf@@GLIBC_2.4
                0x00009e00                eglGetConfigs
                0x00009e0c                fclose@@GLIBC_2.4
                0x00009e18                getenv@@GLIBC_2.4
                0x00009e24                _IO_getc@@GLIBC_2.4
                0x00009e30                system@@GLIBC_2.4
                0x00009e3c                sem_init@@GLIBC_2.4
                0x00009e48                fopen@@GLIBC_2.4
                0x00009e54                eglInitialize
                0x00009e60                memset@@GLIBC_2.4
                0x00009e6c                glValidateProgram
                0x00009e78                sem_destroy@@GLIBC_2.4
                0x00009e84                glDeleteProgram
                0x00009e90                ungetc@@GLIBC_2.4
                0x00009e9c                glUniformMatrix4fv
                0x00009ea8                perror@@GLIBC_2.4
                0x00009eb4                eglDestroyContext
                0x00009ec0                glUseProgram
                0x00009ecc                glClearColor
                0x00009ed8                eglCreateContext
                0x00009ee4                eglMakeCurrent
                0x00009ef0                __aeabi_fmul@@GCC_3.5
                0x00009efc                glDeleteShader
                0x00009f08                eglGetProcAddress
                0x00009f14                free@@GLIBC_2.4
                0x00009f20                read@@GLIBC_2.4
                0x00009f2c                glEnableVertexAttribArray
                0x00009f38                gettimeofday@@GLIBC_2.4
                0x00009f44                glActiveTexture
                0x00009f50                pthread_mutex_unlock@@GLIBC_2.4
                0x00009f5c                eglSwapBuffers
                0x00009f68                ioctl@@GLIBC_2.4
                0x00009f74                glGetProgramInfoLog
                0x00009f80                __aeabi_dadd@@GCC_3.5
                0x00009f8c                pthread_mutex_lock@@GLIBC_2.4
                0x00009f98                cos@@GLIBC_2.4
                0x00009fa4                strlen@@GLIBC_2.4
                0x00009fb0                glBindTexture
                0x00009fbc                pthread_create@@GLIBC_2.4
                0x00009fc8                memcpy@@GLIBC_2.4
                0x00009fd4                glGetProgramiv
                0x00009fe0                eglDestroySurface
                0x00009fec                glCreateShader
                0x00009ff8                glDeleteTextures
                0x0000a004                strtol@@GLIBC_2.4
                0x0000a010                strcpy@@GLIBC_2.4
                0x0000a01c                sem_post@@GLIBC_2.4
                0x0000a028                pthread_sigmask@@GLIBC_2.4
                0x0000a034                glCreateProgram
                0x0000a040                __aeabi_uidiv@@GCC_3.5
                0x0000a04c                printf@@GLIBC_2.4
                0x0000a058                pthread_mutex_init@@GLIBC_2.4
                0x0000a064                _Znwj@@GLIBCXX_3.4
                0x0000a070                strstr@@GLIBC_2.4
                0x0000a07c                close@@GLIBC_2.4
                0x0000a088                glUniform1i
                0x0000a094                __aeabi_i2d@@GCC_3.5
                0x0000a0a0                fwrite@@GLIBC_2.4
                0x0000a0ac                __aeabi_uidivmod@@GCC_3.5
                0x0000a0b8                eglSwapInterval
                0x0000a0c4                __ctype_b_loc@@GLIBC_2.4
                0x0000a0d0                malloc@@GLIBC_2.4
                0x0000a0dc                eglGetError
                0x0000a0e8                glDepthFunc
                0x0000a0f4                glDrawArrays
                0x0000a100                __aeabi_f2d@@GCC_3.5
                0x0000a10c                sleep@@GLIBC_2.4
                0x0000a118                sigfillset@@GLIBC_2.4
                0x0000a124                glVertexAttribPointer
                0x0000a130                puts@@GLIBC_2.4
                0x0000a13c                glGetString
                0x0000a148                getpid@@GLIBC_2.4
                0x0000a154                glLinkProgram
                0x0000a160                fcntl@@GLIBC_2.4
                0x0000a16c                glGetShaderInfoLog
                0x0000a178                sin@@GLIBC_2.4
                0x0000a184                lseek@@GLIBC_2.4
                0x0000a190                munmap@@GLIBC_2.4
                0x0000a19c                glShaderSource
                0x0000a1a8                __aeabi_d2iz@@GCC_3.5
                0x0000a1b4                fread@@GLIBC_2.4
                0x0000a1c0                __aeabi_d2f@@GCC_3.5
                0x0000a1cc                nanosleep@@GLIBC_2.4
                0x0000a1d8                eglGetDisplay
                0x0000a1e4                eglTerminate
                0x0000a1f0                glGetUniformLocation
                0x0000a1fc                sem_wait@@GLIBC_2.4
                0x0000a208                strcmp@@GLIBC_2.4
                0x0000a214                exit@@GLIBC_2.4
                0x0000a220                eglCreateWindowSurface
                0x0000a22c                __errno_location@@GLIBC_2.4
                0x0000a238                pthread_self@@GLIBC_2.4
                0x0000a244                glGenTextures
                0x0000a250                sprintf@@GLIBC_2.4
                0x0000a25c                pthread_join@@GLIBC_2.4
                0x0000a268                glCompileShader
                0x0000a274                eglChooseConfig
                0x0000a280                getpagesize@@GLIBC_2.4

.text           0x0000a290    0x41ba0
 *(.text .stub .text.* .gnu.linkonce.t.*)
 .text          0x0000a290       0x38 /home/chandler/CodeSourcery/Sourcery_G++_Lite/bin/../arm-none-linux-gnueabi/libc/usr/lib/crt1.o
                0x0000a290                _start
 .text          0x0000a2c8       0x24 /home/chandler/CodeSourcery/Sourcery_G++_Lite/bin/../arm-none-linux-gnueabi/libc/usr/lib/crti.o
 .text          0x0000a2ec       0x4c /home/chandler/CodeSourcery/Sourcery_G++_Lite/bin/../lib/gcc/arm-none-linux-gnueabi/4.3.3/crtbegin.o
 .text          0x0000a338     0x2d58 bin/debug/obj/main_host.ov5T
                0x0000ac1c                commandQGet
                0x0000a338                frame_init
                0x0000a3a8                frame_get
                0x0000abd8                commandQPut
                0x0000a488                frame_cleanup
                0x0000a4e8                drawCube
                0x0000ab10                usage
                0x0000ab4c                main
 .text          0x0000d090      0xdb8 bin/debug/obj/App.ov5T
                0x0000d6ac                App_delete
                0x0000d984                App_exec
                0x0000d090                App_create
 .text          0x0000de48      0xeb0 bin/debug/obj/ParaMP4Enc.ov5T
                0x0000de48                Get_MPEG4Par_File
                0x0000ea40                ConfigureStandardPar_MPEG4
 .text          0x0000ecf8      0x4f0 bin/debug/obj/ParaParser.ov5T
                0x0000ef44                parGetToken
                0x0000ecf8                parSkipSpace
                0x0000ed7c                parSkipComment
 .text          0x0000f1e8       0xa4 bin/debug/obj/CallBack.ov5T
                0x0000f240                MP4SendData
                0x0000f1e8                MP4GetBuff
 .text          0x0000f28c     0x1688 bin/debug/obj/common.ov5T
                0x0000f5d0                get_disp_resolution
                0x0000fc3c                initEGL
                0x0000fa48                deInitEGL
                0x0001003c                reset_shaders_idx0
                0x0000f28c                pattern_uyvy
                0x0000f6fc                initTexExt
                0x0000f594                signalHandler
 .text          0x00010914       0x2c bin/debug/obj/customer_folder/111.ov5T
                0x00010914                test111
 .text          0x00010940     0x3ad4 /home/chandler/Dev_J5ECO/component-sources/syslink_2_20_02_20/packages/ti/syslink/lib/syslink.a_debug(SharedRegion.o)
                0x00011eb4                SharedRegion_getPtr
                0x00010ac8                SharedRegion_setup
                0x00012f9c                SharedRegion_isCacheEnabled
                0x00013c30                SharedRegion_getRegionInfo
                0x00013218                SharedRegion_getNumRegions
                0x00013784                SharedRegion_getNumOffsetBits
                0x00012b74                SharedRegion_getEntry
                0x000138c8                SharedRegion_checkOverlap
                0x000120a0                SharedRegion_getSRPtr
                0x000123c4                SharedRegion_clearEntry
                0x00010940                SharedRegion_getConfig
                0x00013b24                SharedRegion_clearReservedMemory
                0x00011644                SharedRegion_stop
                0x00011178                SharedRegion_destroy
                0x00013e2c                _SharedRegion_setRegions
                0x00012960                SharedRegion_getIdByName
                0x00013430                SharedRegion_reserveMemory
                0x000126f0                SharedRegion_getHeap
                0x00013414                SharedRegion_invalidSRPtr
                0x00011524                SharedRegion_start
                0x00011764                SharedRegion_attach
                0x00011cf8                SharedRegion_getId
                0x000118cc                SharedRegion_detach
                0x00012d90                SharedRegion_getCacheLineSize
                0x00011a2c                SharedRegion_setEntry
                0x000131ac                SharedRegion_translateEnabled
                0x000141cc                _SharedRegion_clearRegions
                0x00013284                SharedRegion_entryInit
 .text          0x00014414     0x2af0 /home/chandler/Dev_J5ECO/component-sources/syslink_2_20_02_20/packages/ti/syslink/lib/syslink.a_debug(Notify.o)
                0x00014414                Notify_getConfig
                0x000151e4                Notify_registerEventSingle
                0x00016690                Notify_restore
                0x00016100                Notify_sendEvent
                0x00016884                Notify_disableEvent
                0x00014fb4                Notify_intLineRegistered
                0x00014b7c                Notify_sharedMemReq
                0x00015d50                Notify_unregisterEvent
                0x000145b4                Notify_setup
                0x000159e0                Notify_unregisterEventSingle
                0x00014d14                Notify_eventAvailable
                0x000147a4                Notify_destroy
                0x00014a6c                Notify_detach
                0x000148d8                Notify_attach
                0x000155e0                Notify_registerEvent
                0x00016490                Notify_disable
                0x00016bc4                Notify_enableEvent
 .text          0x00016f04     0x26ec /home/chandler/Dev_J5ECO/component-sources/syslink_2_20_02_20/packages/ti/syslink/lib/syslink.a_debug(MessageQ.o)
                0x00017bf8                MessageQ_close
                0x00018eac                MessageQ_setReplyQueue
                0x000184ac                MessageQ_staticMsgInit
                0x00019030                MessageQ_getQueueId
                0x000194fc                MessageQ_detach
                0x00019130                MessageQ_setMsgTrace
                0x00018bd8                MessageQ_unregisterHeap
                0x00016f04                MessageQ_getConfig
                0x00018004                MessageQ_get
                0x0001878c                MessageQ_free
                0x00017088                MessageQ_setup
                0x00017978                MessageQ_open
                0x00017da8                MessageQ_put
                0x00018610                MessageQ_alloc
                0x00017498                MessageQ_create
                0x0001730c                MessageQ_Params_init
                0x00018d14                MessageQ_unblock
                0x000182c8                MessageQ_count
                0x00017214                MessageQ_destroy
                0x000176ec                MessageQ_delete
                0x000193d0                MessageQ_attach
                0x0001896c                MessageQ_registerHeap
                0x000192a8                MessageQ_sharedMemReq
 .text          0x000195f0     0x1a5c /home/chandler/Dev_J5ECO/component-sources/syslink_2_20_02_20/packages/ti/syslink/lib/syslink.a_debug(Ipc.o)
                0x0001aca4                Ipc_writeConfig
                0x0001af98                Ipc_runtimeId
                0x0001a880                Ipc_control
                0x0001a0dc                Ipc_destroy
                0x00019828                Ipc_setup
                0x000195f0                Ipc_getConfig
                0x0001ab84                Ipc_readConfig
 .text          0x0001b04c     0x3040 /home/chandler/Dev_J5ECO/component-sources/syslink_2_20_02_20/packages/ti/syslink/lib/syslink.a_debug(RingIO.o)
                0x0001cc5c                RingIO_unregisterNotifier
                0x0001b36c                RingIO_destroy
                0x0001c6f0                RingIO_close
                0x0001b04c                RingIO_getConfig
                0x0001dd54                RingIO_flush
                0x0001db5c                RingIO_setAttribute
                0x0001cf58                RingIO_getValidSize
                0x0001de78                RingIO_sendNotify
                0x0001df5c                RingIO_sharedMemReq
                0x0001bc2c                RingIO_delete
                0x0001c2ec                RingIO_openByAddr
                0x0001d480                RingIO_getWaterMark
                0x0001b498                RingIO_Params_init
                0x0001d1ec                RingIO_getEmptyAttrSize
                0x0001d7cc                RingIO_release
                0x0001d2c8                RingIO_getAcquiredOffset
                0x0001c9cc                RingIO_registerNotifier
                0x0001ce1c                RingIO_setNotifyType
                0x0001beec                RingIO_open
                0x0001da30                RingIO_getvAttribute
                0x0001d630                RingIO_acquire
                0x0001d034                RingIO_getEmptySize
                0x0001d55c                RingIO_setWaterMark
                0x0001d8a0                RingIO_cancel
                0x0001d95c                RingIO_getAttribute
                0x0001b624                RingIO_create
                0x0001d110                RingIO_getValidAttrSize
                0x0001b1d0                RingIO_setup
                0x0001dc40                RingIO_setvAttribute
                0x0001d3a4                RingIO_getAcquiredSize
 .text          0x0001e08c      0x5d4 /home/chandler/Dev_J5ECO/component-sources/syslink_2_20_02_20/packages/ti/syslink/lib/syslink.a_debug(RingIOShm.o)
                0x0001e210                RingIOShm_setup
                0x0001e4d4                RingIOShm_Params_init
                0x0001e3ac                RingIOShm_destroy
                0x0001e08c                RingIOShm_getConfig
 .text          0x0001e660     0x5bf8 /home/chandler/Dev_J5ECO/component-sources/syslink_2_20_02_20/packages/ti/syslink/lib/syslink.a_debug(FrameQ.o)
                0x000209b0                FrameQ_freev
                0x00022788                FrameQ_sendNotify
                0x00020748                FrameQ_free
                0x0001fdd8                FrameQ_close
                0x00021824                FrameQ_getv
                0x00021ce0                FrameQ_registerNotifier
                0x0001f450                FrameQ_open
                0x00020448                FrameQ_allocv
                0x00022170                FrameQ_unregisterNotifier
                0x0001ecbc                FrameQ_create
                0x000201ac                FrameQ_alloc
                0x00023454                FrameQ_ShMem_Params_init
                0x00023044                FrameQ_getvNumFreeFrames
                0x000232d8                FrameQ_control
                0x000224c4                FrameQ_dup
                0x000240ac                FrameQ_ShMem_sharedMemReq
                0x00022c04                FrameQ_getvNumFrames
                0x000235ec                FrameQ_Params_init
                0x00020cc4                FrameQ_put
                0x0001e660                FrameQ_getConfig
                0x00022e6c                FrameQ_getNumFreeFrames
                0x000214c4                FrameQ_get
                0x0001eaa4                FrameQ_destroy
                0x000229a4                FrameQ_getNumFrames
                0x0001e7fc                FrameQ_setup
                0x0001f058                FrameQ_delete
                0x00021060                FrameQ_putv
 .text          0x00024258     0x5f20 /home/chandler/Dev_J5ECO/component-sources/syslink_2_20_02_20/packages/ti/syslink/lib/syslink.a_debug(FrameQBufMgr.o)
                0x00029028                FrameQBufMgr_getKnlHandle
                0x00026668                FrameQBufMgr_freev
                0x000277c4                FrameQBufMgr_add
                0x000259b4                FrameQBufMgr_close
                0x00027f08                FrameQBufMgr_writeBackFrameBuf
                0x00028e40                FrameQBufMgr_getId
                0x00028af0                FrameQBufMgr_translateAddr
                0x00024c64                FrameQBufMgr_delete
                0x000292c8                FrameQBufMgr_getvNumFreeFrames
                0x00026e1c                FrameQBufMgr_dupv
                0x00029604                FrameQBufMgr_isSupportedBufInterface
                0x00025e74                FrameQBufMgr_allocv
                0x000246a8                FrameQBufMgr_destroy
                0x00024258                FrameQBufMgr_getConfig
                0x00026348                FrameQBufMgr_free
                0x000287dc                FrameQBufMgr_invalidate
                0x00028ee4                FrameQBufMgr_getHandle
                0x000290f4                FrameQBufMgr_getNumFreeFrames
                0x000284b8                FrameQBufMgr_writeBack
                0x000295c4                FrameQBufMgr_isSupportedInterface
                0x00029660                FrameQBufMgr_ShMem_Params_init
                0x000248dc                FrameQBufMgr_create
                0x00027ab4                FrameQBufMgr_writeBackHeaderBuf
                0x0002955c                FrameQBufMgr_getBaseHeaderSize
                0x00026a98                FrameQBufMgr_dup
                0x00025b84                FrameQBufMgr_alloc
                0x0002720c                FrameQBufMgr_registerNotifier
                0x000281e0                FrameQBufMgr_invalidateFrameBuf
                0x000243fc                FrameQBufMgr_setup
                0x00027920                FrameQBufMgr_remove
                0x000297f8                FrameQBufMgr_Params_init
                0x00027530                FrameQBufMgr_unregisterNotifier
                0x00027cd4                FrameQBufMgr_invalidateHeaderBuf
                0x00025098                FrameQBufMgr_open
 .text          0x0002a178     0x519c /home/chandler/Dev_J5ECO/component-sources/syslink_2_20_02_20/packages/ti/syslink/lib/syslink.a_debug(ClientNotifyMgr.o)
                0x0002d868                ClientNotifyMgr_sendNotification
                0x0002edd4                ClientNotifyMgr_sendForceNotificationMulti
                0x0002c4bc                ClientNotifyMgr_close
                0x0002d598                ClientNotifyMgr_disableNotification
                0x0002a1dc                ClientNotifyMgr_sharedMemReq
                0x0002b3b4                ClientNotifyMgr_create
                0x0002b068                ClientNotifyMgr_destroy
                0x0002a354                ClientNotifyMgr_callBack
                0x0002accc                ClientNotifyMgr_setup
                0x0002a178                ClientNotifyMgr_sharedMemModReq
                0x0002e4e0                ClientNotifyMgr_sendNotificationMulti
                0x0002cd1c                ClientNotifyMgr_unregisterClient
                0x0002ab28                ClientNotifyMgr_getConfig
                0x0002d2c0                ClientNotifyMgr_enableNotification
                0x0002e040                ClientNotifyMgr_sendForceNotification
                0x0002b214                ClientNotifyMgr_Params_init
                0x0002bda0                ClientNotifyMgr_delete
                0x0002c5e4                ClientNotifyMgr_registerClient
                0x0002c338                ClientNotifyMgr_open
 .text          0x0002f314     0x2440 /home/chandler/Dev_J5ECO/component-sources/syslink_2_20_02_20/packages/ti/syslink/lib/syslink.a_debug(HeapMemMP.o)
                0x0002f314                HeapMemMP_getConfig
                0x00030b14                HeapMemMP_getStats
                0x0002f8e0                HeapMemMP_create
                0x00030d40                HeapMemMP_getExtendedStats
                0x0003141c                _HeapMemMP_create
                0x000310d8                HeapMemMP_getKnlHandle
                0x0002f4a0                HeapMemMP_setup
                0x0002f628                HeapMemMP_destroy
                0x0002f758                HeapMemMP_Params_init
                0x00031260                HeapMemMP_getUsrHandle
                0x0003042c                HeapMemMP_close
                0x00030f54                HeapMemMP_sharedMemReq
                0x00031614                HeapMemMP_restore
                0x0002fc04                HeapMemMP_delete
                0x000308b8                HeapMemMP_free
                0x000306a8                HeapMemMP_alloc
                0x0002fe88                HeapMemMP_openByAddr
                0x00030150                HeapMemMP_open
 .text          0x00031754     0x2268 /home/chandler/Dev_J5ECO/component-sources/syslink_2_20_02_20/packages/ti/syslink/lib/syslink.a_debug(HeapBufMP.o)
                0x00031d30                HeapBufMP_create
                0x00032860                HeapBufMP_close
                0x000322b8                HeapBufMP_openByAddr
                0x000334b0                HeapBufMP_sharedMemReq
                0x00033188                HeapBufMP_isBlocking
                0x00032f58                HeapBufMP_getStats
                0x00031a70                HeapBufMP_destroy
                0x000318e0                HeapBufMP_setup
                0x000337c0                _HeapBufMP_create
                0x00032ae0                HeapBufMP_alloc
                0x00031754                HeapBufMP_getConfig
                0x00031ba4                HeapBufMP_Params_init
                0x0003203c                HeapBufMP_delete
                0x00033638                HeapBufMP_getKnlHandle
                0x00032cf4                HeapBufMP_free
                0x00032588                HeapBufMP_open
                0x0003327c                HeapBufMP_getExtendedStats
 .text          0x000339bc     0x2224 /home/chandler/Dev_J5ECO/component-sources/syslink_2_20_02_20/packages/ti/syslink/lib/syslink.a_debug(GateMP.o)
                0x000339bc                GateMP_getConfig
                0x0003573c                GateMP_getDefaultRemote
                0x00035274                GateMP_enter
                0x000342f4                GateMP_Instance_finalize
                0x00033b54                GateMP_setup
                0x000346bc                GateMP_delete
                0x00034c48                GateMP_openByAddr
                0x00034138                GateMP_Instance_init
                0x00035840                GateMP_getSharedAddr
                0x00034f68                GateMP_close
                0x00033f8c                GateMP_Params_init
                0x0003493c                GateMP_open
                0x000359f0                GateMP_getLocalProtect
                0x00034350                _GateMP_create
                0x00035624                GateMP_sharedMemReq
                0x00035444                GateMP_leave
                0x00035a40                GateMP_getRemoteProtect
                0x00034488                GateMP_create
                0x00035a90                GateMP_getKnlHandle
                0x00033dcc                GateMP_destroy
                0x00035938                GateMP_setReserved
 .text          0x00035be0      0x5d4 /home/chandler/Dev_J5ECO/component-sources/syslink_2_20_02_20/packages/ti/syslink/lib/syslink.a_debug(SharedRegionDrv.o)
                0x00035e94                SharedRegionDrv_ioctl
                0x00035d78                SharedRegionDrv_close
                0x00035be0                SharedRegionDrv_open
 .text          0x000361b4      0x814 /home/chandler/Dev_J5ECO/component-sources/syslink_2_20_02_20/packages/ti/syslink/lib/syslink.a_debug(NotifyDrvUsr.o)
                0x0003684c                _NotifyDrvUsr_eventWorker
                0x00036530                NotifyDrvUsr_close
                0x0003670c                NotifyDrvUsr_ioctl
                0x000361b4                NotifyDrvUsr_open
 .text          0x000369c8      0x484 /home/chandler/Dev_J5ECO/component-sources/syslink_2_20_02_20/packages/ti/syslink/lib/syslink.a_debug(HeapBufMPDrv.o)
                0x000369c8                HeapBufMPDrv_open
                0x00036d14                HeapBufMPDrv_ioctl
                0x00036bf8                HeapBufMPDrv_close
 .text          0x00036e4c      0x498 /home/chandler/Dev_J5ECO/component-sources/syslink_2_20_02_20/packages/ti/syslink/lib/syslink.a_debug(MessageQDrv.o)
                0x000371ac                MessageQDrv_ioctl
                0x00036e4c                MessageQDrv_open
                0x00037090                MessageQDrv_close
 .text          0x000372e4      0x464 /home/chandler/Dev_J5ECO/component-sources/syslink_2_20_02_20/packages/ti/syslink/lib/syslink.a_debug(IpcDrv.o)
                0x000372e4                IpcDrv_open
                0x00037610                IpcDrv_ioctl
                0x000374f4                IpcDrv_close
 .text          0x00037748      0x3e8 /home/chandler/Dev_J5ECO/component-sources/syslink_2_20_02_20/packages/ti/syslink/lib/syslink.a_debug(FrameQDrv.o)
                0x000379f8                FrameQDrv_ioctl
                0x00037748                FrameQDrv_open
                0x000378dc                FrameQDrv_close
 .text          0x00037b30      0x3e8 /home/chandler/Dev_J5ECO/component-sources/syslink_2_20_02_20/packages/ti/syslink/lib/syslink.a_debug(FrameQBufMgrDrv.o)
                0x00037b30                FrameQBufMgrDrv_open
                0x00037cc4                FrameQBufMgrDrv_close
                0x00037de0                FrameQBufMgrDrv_ioctl
 .text          0x00037f18      0x3e8 /home/chandler/Dev_J5ECO/component-sources/syslink_2_20_02_20/packages/ti/syslink/lib/syslink.a_debug(ClientNotifyMgrDrv.o)
                0x00037f18                ClientNotifyMgrDrv_open
                0x000381c8                ClientNotifyMgrDrv_ioctl
                0x000380ac                ClientNotifyMgrDrv_close
 .text          0x00038300      0x3e8 /home/chandler/Dev_J5ECO/component-sources/syslink_2_20_02_20/packages/ti/syslink/lib/syslink.a_debug(RingIODrv.o)
                0x00038494                RingIODrv_close
                0x000385b0                RingIODrv_ioctl
                0x00038300                RingIODrv_open
 .text          0x000386e8      0x3e8 /home/chandler/Dev_J5ECO/component-sources/syslink_2_20_02_20/packages/ti/syslink/lib/syslink.a_debug(RingIOShmDrv.o)
                0x00038998                RingIOShmDrv_ioctl
                0x0003887c                RingIOShmDrv_close
                0x000386e8                RingIOShmDrv_open
 .text          0x00038ad0      0x3ec /home/chandler/Dev_J5ECO/component-sources/syslink_2_20_02_20/packages/ti/syslink/lib/syslink.a_debug(HeapMemMPDrv.o)
                0x00038c68                HeapMemMPDrv_close
                0x00038d84                HeapMemMPDrv_ioctl
                0x00038ad0                HeapMemMPDrv_open
 .text          0x00038ebc      0x3ec /home/chandler/Dev_J5ECO/component-sources/syslink_2_20_02_20/packages/ti/syslink/lib/syslink.a_debug(GateMPDrv.o)
                0x00038ebc                GateMPDrv_open
                0x00039054                GateMPDrv_close
                0x00039170                GateMPDrv_ioctl
 .text          0x000392a8       0x50 /home/chandler/Dev_J5ECO/component-sources/syslink_2_20_02_20/packages/ti/syslink/lib/syslink.a_debug(OsalProcess.o)
                0x000392d0                OsalProcess_getTid
                0x000392a8                OsalProcess_getPid
 .text          0x000392f8      0x5a8 /home/chandler/Dev_J5ECO/component-sources/syslink_2_20_02_20/packages/ti/syslink/lib/syslink.a_debug(GateMutex.o)
                0x0003956c                GateMutex_leave
                0x0003973c                GateMutex_delete
                0x00039628                GateMutex_create
                0x00039498                GateMutex_enter
                0x000392f8                GateMutex_Instance_init
                0x00039400                GateMutex_Instance_finalize
 .text          0x000398a0      0xa34 /home/chandler/Dev_J5ECO/component-sources/syslink_2_20_02_20/packages/ti/syslink/lib/syslink.a_debug(Memory.o)
                0x0003a02c                Memory_getMaxDefaultTypeAlign
                0x00039da4                Memory_getStats
                0x0003a23c                Memory_translate
                0x0003a048                Memory_valloc
                0x00039ab8                Memory_calloc
                0x000398a0                Memory_alloc
                0x00039ed8                Memory_query
                0x00039c44                Memory_free
 .text          0x0003a2d4     0x15e4 /home/chandler/Dev_J5ECO/component-sources/syslink_2_20_02_20/packages/ti/syslink/lib/syslink.a_debug(List.o)
                0x0003aa2c                List_get
                0x0003a62c                List_construct
                0x0003ab48                List_put
                0x0003afa8                List_insert
                0x0003a2d4                List_Params_init
                0x0003a720                List_destruct
                0x0003a39c                List_create
                0x0003a4bc                List_delete
                0x0003b180                List_remove
                0x0003b460                List_dequeue
                0x0003a908                List_empty
                0x0003acc0                List_next
                0x0003b598                List_enqueue
                0x0003a818                List_elemClear
                0x0003b728                List_enqueueHead
                0x0003ae00                List_prev
                0x0003b2f8                List_putHead
 .text          0x0003b8b8      0x600 /home/chandler/Dev_J5ECO/component-sources/syslink_2_20_02_20/packages/ti/syslink/lib/syslink.a_debug(String.o)
                0x0003be1c                String_hash
                0x0003bbbc                String_cpy
                0x0003b968                String_cmp
                0x0003ba98                String_ncmp
                0x0003bd88                String_hexToStr
                0x0003bc34                String_ncpy
                0x0003b8b8                String_cat
                0x0003bd14                String_len
 .text          0x0003beb8      0x550 /home/chandler/Dev_J5ECO/component-sources/syslink_2_20_02_20/packages/ti/syslink/lib/syslink.a_debug(Trace.o)
                0x0003beb8                _GT_0trace
                0x0003c1a0                _GT_5trace
                0x0003c388                _GT_setTrace
                0x0003bf38                _GT_1trace
                0x0003c0f4                _GT_4trace
                0x0003c058                _GT_3trace
                0x0003bfc4                _GT_2trace
                0x0003c25c                _GT_6trace
                0x0003c328                _GT_setFailureReason
 .text          0x0003c408     0x2de8 /home/chandler/Dev_J5ECO/component-sources/syslink_2_20_02_20/packages/ti/syslink/lib/syslink.a_debug(NameServer.o)
                0x0003c9d0                NameServer_create
                0x0003eb28                NameServer_match
                0x0003e1d4                NameServer_getLocal
                0x0003d728                NameServer_addUInt32
                0x0003cc80                NameServer_delete
                0x0003d3e4                NameServer_add
                0x0003c740                NameServer_destroy
                0x0003edf4                NameServer_getHandle
                0x0003e86c                NameServer_getLocalUInt32
                0x0003c5c0                NameServer_setup
                0x0003c83c                NameServer_Params_init
                0x0003db54                NameServer_removeEntry
                0x0003cec0                NameServer_open
                0x0003dd90                NameServer_get
                0x0003d17c                NameServer_close
                0x0003d904                NameServer_remove
                0x0003f020                NameServer_isRegistered
                0x0003e598                NameServer_getUInt32
                0x0003c408                NameServer_getConfig
 .text          0x0003f1f0      0xcd0 /home/chandler/Dev_J5ECO/component-sources/syslink_2_20_02_20/packages/ti/syslink/lib/syslink.a_debug(MultiProc.o)
                0x0003f54c                MultiProc_destroy
                0x0003fc54                MultiProc_self
                0x0003fbe0                MultiProc_getNumProcessors
                0x0003f3a8                MultiProc_setup
                0x0003f648                MultiProc_setLocalId
                0x0003fa4c                MultiProc_getName
                0x0003f84c                MultiProc_getId
                0x0003fcc8                MultiProc_getSlot
                0x0003f1f0                MultiProc_getConfig
 .text          0x0003fec0      0x104 /home/chandler/Dev_J5ECO/component-sources/syslink_2_20_02_20/packages/ti/syslink/lib/syslink.a_debug(Gate.o)
                0x0003ff24                Gate_leaveSystem
                0x0003fec0                Gate_enterSystem
 .text          0x0003ffc4       0xbc /home/chandler/Dev_J5ECO/component-sources/syslink_2_20_02_20/packages/ti/syslink/lib/syslink.a_debug(SysLink.o)
                0x00040030                SysLink_destroy
                0x0003ffc4                SysLink_setup
 .text          0x00040080      0x4c0 /home/chandler/Dev_J5ECO/component-sources/syslink_2_20_02_20/packages/ti/syslink/lib/syslink.a_debug(Cache.o)
                0x00040450                Cache_setMode
                0x00040398                Cache_wait
                0x00040080                Cache_inv
                0x00040188                Cache_wb
                0x00040290                Cache_wbInv
 .text          0x00040540      0x484 /home/chandler/Dev_J5ECO/component-sources/syslink_2_20_02_20/packages/ti/syslink/lib/syslink.a_debug(NameServerDrv.o)
                0x00040540                NameServerDrv_open
                0x00040770                NameServerDrv_close
                0x0004088c                NameServerDrv_ioctl
 .text          0x000409c4      0x3b8 /home/chandler/Dev_J5ECO/component-sources/syslink_2_20_02_20/packages/ti/syslink/lib/syslink.a_debug(MultiProcDrv.o)
                0x00040c74                MultiProcDrv_ioctl
                0x00040b58                MultiProcDrv_close
                0x000409c4                MultiProcDrv_open
 .text          0x00040d7c      0x164 /home/chandler/Dev_J5ECO/component-sources/syslink_2_20_02_20/packages/ti/syslink/lib/syslink.a_debug(TraceDrv.o)
                0x00040d7c                TraceDrv_ioctl
 .text          0x00040ee0       0xf4 /home/chandler/Dev_J5ECO/component-sources/syslink_2_20_02_20/packages/ti/syslink/lib/syslink.a_debug(CacheDrv.o)
                0x00040ee0                CacheDrv_ioctl
 .text          0x00040fd4      0x194 /home/chandler/Dev_J5ECO/component-sources/syslink_2_20_02_20/packages/ti/syslink/lib/syslink.a_debug(Dev.o)
                0x00040fd4                Dev_pollOpen
 .text          0x00041168     0x163c /home/chandler/Dev_J5ECO/component-sources/syslink_2_20_02_20/packages/ti/syslink/lib/syslink.a_debug(MemoryOS.o)
                0x0004240c                MemoryOS_set
                0x00042274                MemoryOS_copy
                0x000419ac                MemoryOS_map
                0x00041168                MemoryOS_setup
                0x00042598                MemoryOS_translate
                0x00041698                MemoryOS_alloc
                0x00041408                MemoryOS_destroy
                0x00041f18                MemoryOS_unmap
                0x000417ac                MemoryOS_calloc
                0x000418b8                MemoryOS_free
 .text          0x000427a4      0x6f0 /home/chandler/Dev_J5ECO/component-sources/syslink_2_20_02_20/packages/ti/syslink/lib/syslink.a_debug(OsalDrv.o)
                0x00042944                OsalDrv_close
                0x000427a4                OsalDrv_open
                0x00042c78                OsalDrv_unmap
                0x00042d58                OsalDrv_ioctl
                0x00042a68                OsalDrv_map
 .text          0x00042e94      0x52c /home/chandler/Dev_J5ECO/component-sources/syslink_2_20_02_20/packages/ti/syslink/lib/syslink.a_debug(OsalMutex.o)
                0x00042ff8                OsalMutex_delete
                0x00042e94                OsalMutex_create
                0x00043160                OsalMutex_enter
                0x00043290                OsalMutex_leave
 .text          0x000433c0       0x50 /home/chandler/Dev_J5ECO/component-sources/syslink_2_20_02_20/packages/ti/syslink/lib/syslink.a_debug(OsalPrint.o)
                0x000433c0                Osal_printf
 .text          0x00043410     0x4d40 /home/chandler/Dev_J5ECO/component-sources/syslink_2_20_02_20/packages/ti/syslink/lib/syslink.a_debug(ProcMgr.o)
                0x00046a60                ProcMgr_getSymbolAddress
                0x0004374c                ProcMgr_destroy
                0x00047200                ProcMgr_unmap
                0x00043ee4                ProcMgr_delete
                0x000454e4                ProcMgr_load
                0x00045978                ProcMgr_getStartParams
                0x00045288                ProcMgr_detach
                0x00047db4                ProcMgr_getSectionData
                0x00043410                ProcMgr_getConfig
                0x00045adc                ProcMgr_start
                0x000478f4                ProcMgr_getMaxMemoryRegions
                0x00045c58                ProcMgr_stop
                0x000441a8                ProcMgr_open
                0x00046cf8                ProcMgr_map
                0x00043920                ProcMgr_Params_init
                0x000457fc                ProcMgr_unload
                0x00044e00                ProcMgr_attach
                0x00045f28                ProcMgr_read
                0x000465ec                ProcMgr_translateAddr
                0x00043aa4                ProcMgr_create
                0x00045dbc                ProcMgr_getState
                0x00047ff0                ProcMgr_getLoadedFileId
                0x00044c84                ProcMgr_getAttachParams
                0x00044850                ProcMgr_close
                0x000461c0                ProcMgr_write
                0x0004645c                ProcMgr_control
                0x000479b0                ProcMgr_getProcInfo
                0x00047ba4                ProcMgr_getSectionInfo
                0x00043594                ProcMgr_setup
 .text          0x00048150      0x504 /home/chandler/Dev_J5ECO/component-sources/syslink_2_20_02_20/packages/ti/syslink/lib/syslink.a_debug(ProcMgrDrvUsr.o)
                0x00048150                ProcMgrDrvUsr_open
                0x000482e8                ProcMgrDrvUsr_close
                0x00048404                ProcMgrDrvUsr_ioctl
 .text          0x00048654      0xa24 /home/chandler/Dev_J5ECO/component-sources/syslink_2_20_02_20/packages/ti/syslink/lib/syslink.a_debug(FrameQ_common.o)
                0x00048710                FrameQ_getNumFrameBuffers
                0x00048aa0                FrameQ_getFrameBufValidSize
                0x00048ee4                FrameQ_setFrameBufDataStartOffset
                0x00048d50                FrameQ_setFrameBufValidSize
                0x000487fc                FrameQ_getFrameBuffer
                0x00048950                FrameQ_getFrameBufSize
                0x00048654                FrameQ_isSupportedInterface
                0x00048bf8                FrameQ_getFrameBufDataStartOffset
                0x00048694                FrameQ_getExtendedHeaderPtr
 .text          0x00049078     0x295c /home/chandler/Dev_J5ECO/component-sources/syslink_2_20_02_20/packages/ti/syslink/lib/syslink.a_debug(ListMP.o)
                0x00049078                ListMP_getConfig
                0x0004964c                ListMP_create
                0x0004b890                _ListMP_create
                0x0004b68c                ListMP_prev
                0x0004b228                ListMP_remove
                0x0004a2ec                ListMP_close
                0x000491fc                ListMP_setup
                0x00049e10                ListMP_open
                0x0004a0ac                ListMP_openByAddr
                0x000499c0                ListMP_delete
                0x0004b9b0                ListMP_getGate
                0x0004a8cc                ListMP_getTail
                0x00049388                ListMP_destroy
                0x0004af50                ListMP_insert
                0x000494bc                ListMP_Params_init
                0x0004a708                ListMP_getHead
                0x0004acf4                ListMP_putTail
                0x0004b484                ListMP_next
                0x00049c30                ListMP_sharedMemReq
                0x0004aa98                ListMP_putHead
                0x0004a54c                ListMP_empty
 .text          0x0004b9d4      0x3ec /home/chandler/Dev_J5ECO/component-sources/syslink_2_20_02_20/packages/ti/syslink/lib/syslink.a_debug(ListMPDrv.o)
                0x0004bb6c                ListMPDrv_close
                0x0004bc88                ListMPDrv_ioctl
                0x0004b9d4                ListMPDrv_open
 .text          0x0004bdc0       0x70 /home/chandler/CodeSourcery/Sourcery_G++_Lite/bin/../arm-none-linux-gnueabi/libc/usr/lib/libc_nonshared.a(elf-init.oS)
                0x0004bdc0                __libc_csu_fini
                0x0004bdc4                __libc_csu_init
 .text          0x0004be30        0x0 /home/chandler/CodeSourcery/Sourcery_G++_Lite/bin/../lib/gcc/arm-none-linux-gnueabi/4.3.3/crtend.o
 .text          0x0004be30        0x0 /home/chandler/CodeSourcery/Sourcery_G++_Lite/bin/../arm-none-linux-gnueabi/libc/usr/lib/crtn.o
 *(.gnu.warning)
 *(.glue_7t)
 .glue_7t       0x00000000        0x0 linker stubs
 *(.glue_7)
 .glue_7        0x00000000        0x0 linker stubs
 *(.vfp11_veneer)
 .vfp11_veneer  0x00000000        0x0 linker stubs
 *(.v4_bx)
 .v4_bx         0x00000000        0x0 linker stubs

.fini           0x0004be30        0x8
 *(.fini)
 .fini          0x0004be30        0x4 /home/chandler/CodeSourcery/Sourcery_G++_Lite/bin/../arm-none-linux-gnueabi/libc/usr/lib/crti.o
                0x0004be30                _fini
 .fini          0x0004be34        0x4 /home/chandler/CodeSourcery/Sourcery_G++_Lite/bin/../arm-none-linux-gnueabi/libc/usr/lib/crtn.o
                0x0004be38                PROVIDE (__etext, .)
                0x0004be38                PROVIDE (_etext, .)
                0x0004be38                PROVIDE (etext, .)

.rodata         0x0004be38    0x177c4
 *(.rodata .rodata.* .gnu.linkonce.r.*)
 .rodata.cst4   0x0004be38        0x4 /home/chandler/CodeSourcery/Sourcery_G++_Lite/bin/../arm-none-linux-gnueabi/libc/usr/lib/crt1.o
                0x0004be38                _IO_stdin_used
 .rodata        0x0004be3c      0xc98 bin/debug/obj/main_host.ov5T
 .rodata        0x0004cad4      0x250 bin/debug/obj/App.ov5T
 .rodata        0x0004cd24      0x1c8 bin/debug/obj/ParaMP4Enc.ov5T
 .rodata        0x0004ceec      0x704 bin/debug/obj/common.ov5T
 .rodata        0x0004d5f0     0x1334 /home/chandler/Dev_J5ECO/component-sources/syslink_2_20_02_20/packages/ti/syslink/lib/syslink.a_debug(SharedRegion.o)
 .rodata        0x0004e924      0xc5c /home/chandler/Dev_J5ECO/component-sources/syslink_2_20_02_20/packages/ti/syslink/lib/syslink.a_debug(Notify.o)
 .rodata        0x0004f580      0xfa0 /home/chandler/Dev_J5ECO/component-sources/syslink_2_20_02_20/packages/ti/syslink/lib/syslink.a_debug(MessageQ.o)
 .rodata        0x00050520      0x890 /home/chandler/Dev_J5ECO/component-sources/syslink_2_20_02_20/packages/ti/syslink/lib/syslink.a_debug(Ipc.o)
 .rodata        0x00050db0     0x11f4 /home/chandler/Dev_J5ECO/component-sources/syslink_2_20_02_20/packages/ti/syslink/lib/syslink.a_debug(RingIO.o)
 .rodata        0x00051fa4      0x370 /home/chandler/Dev_J5ECO/component-sources/syslink_2_20_02_20/packages/ti/syslink/lib/syslink.a_debug(RingIOShm.o)
 .rodata        0x00052314     0x1ca8 /home/chandler/Dev_J5ECO/component-sources/syslink_2_20_02_20/packages/ti/syslink/lib/syslink.a_debug(FrameQ.o)
 .rodata        0x00053fbc     0x2054 /home/chandler/Dev_J5ECO/component-sources/syslink_2_20_02_20/packages/ti/syslink/lib/syslink.a_debug(FrameQBufMgr.o)
 .rodata        0x00056010     0x13d0 /home/chandler/Dev_J5ECO/component-sources/syslink_2_20_02_20/packages/ti/syslink/lib/syslink.a_debug(ClientNotifyMgr.o)
 .rodata        0x000573e0      0xd30 /home/chandler/Dev_J5ECO/component-sources/syslink_2_20_02_20/packages/ti/syslink/lib/syslink.a_debug(HeapMemMP.o)
 .rodata        0x00058110      0xcd0 /home/chandler/Dev_J5ECO/component-sources/syslink_2_20_02_20/packages/ti/syslink/lib/syslink.a_debug(HeapBufMP.o)
 .rodata        0x00058de0      0xa04 /home/chandler/Dev_J5ECO/component-sources/syslink_2_20_02_20/packages/ti/syslink/lib/syslink.a_debug(GateMP.o)
 .rodata        0x000597e4      0x324 /home/chandler/Dev_J5ECO/component-sources/syslink_2_20_02_20/packages/ti/syslink/lib/syslink.a_debug(SharedRegionDrv.o)
 .rodata        0x00059b08      0x42c /home/chandler/Dev_J5ECO/component-sources/syslink_2_20_02_20/packages/ti/syslink/lib/syslink.a_debug(NotifyDrvUsr.o)
 .rodata        0x00059f34      0x2dc /home/chandler/Dev_J5ECO/component-sources/syslink_2_20_02_20/packages/ti/syslink/lib/syslink.a_debug(HeapBufMPDrv.o)
 .rodata        0x0005a210      0x2d0 /home/chandler/Dev_J5ECO/component-sources/syslink_2_20_02_20/packages/ti/syslink/lib/syslink.a_debug(MessageQDrv.o)
 .rodata        0x0005a4e0      0x288 /home/chandler/Dev_J5ECO/component-sources/syslink_2_20_02_20/packages/ti/syslink/lib/syslink.a_debug(IpcDrv.o)
 .rodata        0x0005a768      0x290 /home/chandler/Dev_J5ECO/component-sources/syslink_2_20_02_20/packages/ti/syslink/lib/syslink.a_debug(FrameQDrv.o)
 .rodata        0x0005a9f8      0x2f4 /home/chandler/Dev_J5ECO/component-sources/syslink_2_20_02_20/packages/ti/syslink/lib/syslink.a_debug(FrameQBufMgrDrv.o)
 .rodata        0x0005acec      0x320 /home/chandler/Dev_J5ECO/component-sources/syslink_2_20_02_20/packages/ti/syslink/lib/syslink.a_debug(ClientNotifyMgrDrv.o)
 .rodata        0x0005b00c      0x290 /home/chandler/Dev_J5ECO/component-sources/syslink_2_20_02_20/packages/ti/syslink/lib/syslink.a_debug(RingIODrv.o)
 .rodata        0x0005b29c      0x2b4 /home/chandler/Dev_J5ECO/component-sources/syslink_2_20_02_20/packages/ti/syslink/lib/syslink.a_debug(RingIOShmDrv.o)
 .rodata        0x0005b550      0x2c0 /home/chandler/Dev_J5ECO/component-sources/syslink_2_20_02_20/packages/ti/syslink/lib/syslink.a_debug(HeapMemMPDrv.o)
 .rodata        0x0005b810      0x290 /home/chandler/Dev_J5ECO/component-sources/syslink_2_20_02_20/packages/ti/syslink/lib/syslink.a_debug(GateMPDrv.o)
 .rodata        0x0005baa0      0x250 /home/chandler/Dev_J5ECO/component-sources/syslink_2_20_02_20/packages/ti/syslink/lib/syslink.a_debug(GateMutex.o)
 .rodata        0x0005bcf0      0x518 /home/chandler/Dev_J5ECO/component-sources/syslink_2_20_02_20/packages/ti/syslink/lib/syslink.a_debug(Memory.o)
 .rodata        0x0005c208      0x870 /home/chandler/Dev_J5ECO/component-sources/syslink_2_20_02_20/packages/ti/syslink/lib/syslink.a_debug(List.o)
 .rodata        0x0005ca78      0x414 /home/chandler/Dev_J5ECO/component-sources/syslink_2_20_02_20/packages/ti/syslink/lib/syslink.a_debug(String.o)
 .rodata        0x0005ce8c       0x7c /home/chandler/Dev_J5ECO/component-sources/syslink_2_20_02_20/packages/ti/syslink/lib/syslink.a_debug(Trace.o)
 .rodata        0x0005cf08      0xe24 /home/chandler/Dev_J5ECO/component-sources/syslink_2_20_02_20/packages/ti/syslink/lib/syslink.a_debug(NameServer.o)
 .rodata        0x0005dd2c      0x634 /home/chandler/Dev_J5ECO/component-sources/syslink_2_20_02_20/packages/ti/syslink/lib/syslink.a_debug(MultiProc.o)
 .rodata        0x0005e360       0xa4 /home/chandler/Dev_J5ECO/component-sources/syslink_2_20_02_20/packages/ti/syslink/lib/syslink.a_debug(Gate.o)
 .rodata        0x0005e404       0x68 /home/chandler/Dev_J5ECO/component-sources/syslink_2_20_02_20/packages/ti/syslink/lib/syslink.a_debug(SysLink.o)
 .rodata        0x0005e46c      0x270 /home/chandler/Dev_J5ECO/component-sources/syslink_2_20_02_20/packages/ti/syslink/lib/syslink.a_debug(Cache.o)
 .rodata        0x0005e6dc      0x2e8 /home/chandler/Dev_J5ECO/component-sources/syslink_2_20_02_20/packages/ti/syslink/lib/syslink.a_debug(NameServerDrv.o)
 .rodata        0x0005e9c4      0x278 /home/chandler/Dev_J5ECO/component-sources/syslink_2_20_02_20/packages/ti/syslink/lib/syslink.a_debug(MultiProcDrv.o)
 .rodata        0x0005ec3c      0x128 /home/chandler/Dev_J5ECO/component-sources/syslink_2_20_02_20/packages/ti/syslink/lib/syslink.a_debug(TraceDrv.o)
 .rodata        0x0005ed64       0xf8 /home/chandler/Dev_J5ECO/component-sources/syslink_2_20_02_20/packages/ti/syslink/lib/syslink.a_debug(CacheDrv.o)
 .rodata        0x0005ee5c       0xd8 /home/chandler/Dev_J5ECO/component-sources/syslink_2_20_02_20/packages/ti/syslink/lib/syslink.a_debug(Dev.o)
 .rodata        0x0005ef34      0x91c /home/chandler/Dev_J5ECO/component-sources/syslink_2_20_02_20/packages/ti/syslink/lib/syslink.a_debug(MemoryOS.o)
 .rodata        0x0005f850      0x39c /home/chandler/Dev_J5ECO/component-sources/syslink_2_20_02_20/packages/ti/syslink/lib/syslink.a_debug(OsalDrv.o)
 .rodata        0x0005fbec      0x34c /home/chandler/Dev_J5ECO/component-sources/syslink_2_20_02_20/packages/ti/syslink/lib/syslink.a_debug(OsalMutex.o)
 .rodata        0x0005ff38        0x4 /home/chandler/Dev_J5ECO/component-sources/syslink_2_20_02_20/packages/ti/syslink/lib/syslink.a_debug(OsalPrint.o)
 .rodata        0x0005ff3c     0x1e94 /home/chandler/Dev_J5ECO/component-sources/syslink_2_20_02_20/packages/ti/syslink/lib/syslink.a_debug(ProcMgr.o)
 .rodata        0x00061dd0      0x380 /home/chandler/Dev_J5ECO/component-sources/syslink_2_20_02_20/packages/ti/syslink/lib/syslink.a_debug(ProcMgrDrvUsr.o)
 .rodata        0x00062150      0x610 /home/chandler/Dev_J5ECO/component-sources/syslink_2_20_02_20/packages/ti/syslink/lib/syslink.a_debug(FrameQ_common.o)
 .rodata        0x00062760      0xc0c /home/chandler/Dev_J5ECO/component-sources/syslink_2_20_02_20/packages/ti/syslink/lib/syslink.a_debug(ListMP.o)
 .rodata        0x0006336c      0x290 /home/chandler/Dev_J5ECO/component-sources/syslink_2_20_02_20/packages/ti/syslink/lib/syslink.a_debug(ListMPDrv.o)

.rodata1
 *(.rodata1)

.ARM.extab      0x000635fc     0x1794
 *(.ARM.extab* .gnu.linkonce.armextab.*)
 .ARM.extab     0x000635fc        0x0 /home/chandler/CodeSourcery/Sourcery_G++_Lite/bin/../arm-none-linux-gnueabi/libc/usr/lib/crt1.o
 .ARM.extab     0x000635fc        0x0 /home/chandler/CodeSourcery/Sourcery_G++_Lite/bin/../arm-none-linux-gnueabi/libc/usr/lib/crti.o
 .ARM.extab     0x000635fc        0x0 /home/chandler/CodeSourcery/Sourcery_G++_Lite/bin/../lib/gcc/arm-none-linux-gnueabi/4.3.3/crtbegin.o
 .ARM.extab     0x000635fc       0x78 bin/debug/obj/main_host.ov5T
 .ARM.extab     0x00063674       0x3c bin/debug/obj/App.ov5T
 .ARM.extab     0x000636b0        0xc bin/debug/obj/ParaMP4Enc.ov5T
 .ARM.extab     0x000636bc       0x24 bin/debug/obj/ParaParser.ov5T
 .ARM.extab     0x000636e0        0xc bin/debug/obj/CallBack.ov5T
 .ARM.extab     0x000636ec       0x54 bin/debug/obj/common.ov5T
 .ARM.extab     0x00063740        0xc bin/debug/obj/customer_folder/111.ov5T
 .ARM.extab     0x0006374c      0x15c /home/chandler/Dev_J5ECO/component-sources/syslink_2_20_02_20/packages/ti/syslink/lib/syslink.a_debug(SharedRegion.o)
 .ARM.extab     0x000638a8       0xcc /home/chandler/Dev_J5ECO/component-sources/syslink_2_20_02_20/packages/ti/syslink/lib/syslink.a_debug(Notify.o)
 .ARM.extab     0x00063974      0x120 /home/chandler/Dev_J5ECO/component-sources/syslink_2_20_02_20/packages/ti/syslink/lib/syslink.a_debug(MessageQ.o)
 .ARM.extab     0x00063a94       0x6c /home/chandler/Dev_J5ECO/component-sources/syslink_2_20_02_20/packages/ti/syslink/lib/syslink.a_debug(Ipc.o)
 .ARM.extab     0x00063b00      0x168 /home/chandler/Dev_J5ECO/component-sources/syslink_2_20_02_20/packages/ti/syslink/lib/syslink.a_debug(RingIO.o)
 .ARM.extab     0x00063c68       0x30 /home/chandler/Dev_J5ECO/component-sources/syslink_2_20_02_20/packages/ti/syslink/lib/syslink.a_debug(RingIOShm.o)
 .ARM.extab     0x00063c98      0x168 /home/chandler/Dev_J5ECO/component-sources/syslink_2_20_02_20/packages/ti/syslink/lib/syslink.a_debug(FrameQ.o)
 .ARM.extab     0x00063e00      0x1a4 /home/chandler/Dev_J5ECO/component-sources/syslink_2_20_02_20/packages/ti/syslink/lib/syslink.a_debug(FrameQBufMgr.o)
 .ARM.extab     0x00063fa4       0xe4 /home/chandler/Dev_J5ECO/component-sources/syslink_2_20_02_20/packages/ti/syslink/lib/syslink.a_debug(ClientNotifyMgr.o)
 .ARM.extab     0x00064088       0xd8 /home/chandler/Dev_J5ECO/component-sources/syslink_2_20_02_20/packages/ti/syslink/lib/syslink.a_debug(HeapMemMP.o)
 .ARM.extab     0x00064160       0xcc /home/chandler/Dev_J5ECO/component-sources/syslink_2_20_02_20/packages/ti/syslink/lib/syslink.a_debug(HeapBufMP.o)
 .ARM.extab     0x0006422c       0xfc /home/chandler/Dev_J5ECO/component-sources/syslink_2_20_02_20/packages/ti/syslink/lib/syslink.a_debug(GateMP.o)
 .ARM.extab     0x00064328       0x24 /home/chandler/Dev_J5ECO/component-sources/syslink_2_20_02_20/packages/ti/syslink/lib/syslink.a_debug(SharedRegionDrv.o)
 .ARM.extab     0x0006434c       0x30 /home/chandler/Dev_J5ECO/component-sources/syslink_2_20_02_20/packages/ti/syslink/lib/syslink.a_debug(NotifyDrvUsr.o)
 .ARM.extab     0x0006437c       0x24 /home/chandler/Dev_J5ECO/component-sources/syslink_2_20_02_20/packages/ti/syslink/lib/syslink.a_debug(HeapBufMPDrv.o)
 .ARM.extab     0x000643a0       0x24 /home/chandler/Dev_J5ECO/component-sources/syslink_2_20_02_20/packages/ti/syslink/lib/syslink.a_debug(MessageQDrv.o)
 .ARM.extab     0x000643c4       0x24 /home/chandler/Dev_J5ECO/component-sources/syslink_2_20_02_20/packages/ti/syslink/lib/syslink.a_debug(IpcDrv.o)
 .ARM.extab     0x000643e8       0x24 /home/chandler/Dev_J5ECO/component-sources/syslink_2_20_02_20/packages/ti/syslink/lib/syslink.a_debug(FrameQDrv.o)
 .ARM.extab     0x0006440c       0x24 /home/chandler/Dev_J5ECO/component-sources/syslink_2_20_02_20/packages/ti/syslink/lib/syslink.a_debug(FrameQBufMgrDrv.o)
 .ARM.extab     0x00064430       0x24 /home/chandler/Dev_J5ECO/component-sources/syslink_2_20_02_20/packages/ti/syslink/lib/syslink.a_debug(ClientNotifyMgrDrv.o)
 .ARM.extab     0x00064454       0x24 /home/chandler/Dev_J5ECO/component-sources/syslink_2_20_02_20/packages/ti/syslink/lib/syslink.a_debug(RingIODrv.o)
 .ARM.extab     0x00064478       0x24 /home/chandler/Dev_J5ECO/component-sources/syslink_2_20_02_20/packages/ti/syslink/lib/syslink.a_debug(RingIOShmDrv.o)
 .ARM.extab     0x0006449c       0x24 /home/chandler/Dev_J5ECO/component-sources/syslink_2_20_02_20/packages/ti/syslink/lib/syslink.a_debug(HeapMemMPDrv.o)
 .ARM.extab     0x000644c0       0x24 /home/chandler/Dev_J5ECO/component-sources/syslink_2_20_02_20/packages/ti/syslink/lib/syslink.a_debug(GateMPDrv.o)
 .ARM.extab     0x000644e4       0x18 /home/chandler/Dev_J5ECO/component-sources/syslink_2_20_02_20/packages/ti/syslink/lib/syslink.a_debug(OsalProcess.o)
 .ARM.extab     0x000644fc       0x48 /home/chandler/Dev_J5ECO/component-sources/syslink_2_20_02_20/packages/ti/syslink/lib/syslink.a_debug(GateMutex.o)
 .ARM.extab     0x00064544       0x84 /home/chandler/Dev_J5ECO/component-sources/syslink_2_20_02_20/packages/ti/syslink/lib/syslink.a_debug(Memory.o)
 .ARM.extab     0x000645c8       0xcc /home/chandler/Dev_J5ECO/component-sources/syslink_2_20_02_20/packages/ti/syslink/lib/syslink.a_debug(List.o)
 .ARM.extab     0x00064694       0x18 /home/chandler/Dev_J5ECO/component-sources/syslink_2_20_02_20/packages/ti/syslink/lib/syslink.a_debug(String.o)
 .ARM.extab     0x000646ac       0x6c /home/chandler/Dev_J5ECO/component-sources/syslink_2_20_02_20/packages/ti/syslink/lib/syslink.a_debug(Trace.o)
 .ARM.extab     0x00064718       0xe4 /home/chandler/Dev_J5ECO/component-sources/syslink_2_20_02_20/packages/ti/syslink/lib/syslink.a_debug(NameServer.o)
 .ARM.extab     0x000647fc       0x6c /home/chandler/Dev_J5ECO/component-sources/syslink_2_20_02_20/packages/ti/syslink/lib/syslink.a_debug(MultiProc.o)
 .ARM.extab     0x00064868       0x30 /home/chandler/Dev_J5ECO/component-sources/syslink_2_20_02_20/packages/ti/syslink/lib/syslink.a_debug(Gate.o)
 .ARM.extab     0x00064898       0x18 /home/chandler/Dev_J5ECO/component-sources/syslink_2_20_02_20/packages/ti/syslink/lib/syslink.a_debug(SysLink.o)
 .ARM.extab     0x000648b0       0x3c /home/chandler/Dev_J5ECO/component-sources/syslink_2_20_02_20/packages/ti/syslink/lib/syslink.a_debug(Cache.o)
 .ARM.extab     0x000648ec       0x24 /home/chandler/Dev_J5ECO/component-sources/syslink_2_20_02_20/packages/ti/syslink/lib/syslink.a_debug(NameServerDrv.o)
 .ARM.extab     0x00064910       0x24 /home/chandler/Dev_J5ECO/component-sources/syslink_2_20_02_20/packages/ti/syslink/lib/syslink.a_debug(MultiProcDrv.o)
 .ARM.extab     0x00064934        0xc /home/chandler/Dev_J5ECO/component-sources/syslink_2_20_02_20/packages/ti/syslink/lib/syslink.a_debug(TraceDrv.o)
 .ARM.extab     0x00064940        0xc /home/chandler/Dev_J5ECO/component-sources/syslink_2_20_02_20/packages/ti/syslink/lib/syslink.a_debug(CacheDrv.o)
 .ARM.extab     0x0006494c        0xc /home/chandler/Dev_J5ECO/component-sources/syslink_2_20_02_20/packages/ti/syslink/lib/syslink.a_debug(Dev.o)
 .ARM.extab     0x00064958       0xcc /home/chandler/Dev_J5ECO/component-sources/syslink_2_20_02_20/packages/ti/syslink/lib/syslink.a_debug(MemoryOS.o)
 .ARM.extab     0x00064a24       0x3c /home/chandler/Dev_J5ECO/component-sources/syslink_2_20_02_20/packages/ti/syslink/lib/syslink.a_debug(OsalDrv.o)
 .ARM.extab     0x00064a60       0x30 /home/chandler/Dev_J5ECO/component-sources/syslink_2_20_02_20/packages/ti/syslink/lib/syslink.a_debug(OsalMutex.o)
 .ARM.extab     0x00064a90        0xc /home/chandler/Dev_J5ECO/component-sources/syslink_2_20_02_20/packages/ti/syslink/lib/syslink.a_debug(OsalPrint.o)
 .ARM.extab     0x00064a9c      0x15c /home/chandler/Dev_J5ECO/component-sources/syslink_2_20_02_20/packages/ti/syslink/lib/syslink.a_debug(ProcMgr.o)
 .ARM.extab     0x00064bf8       0x24 /home/chandler/Dev_J5ECO/component-sources/syslink_2_20_02_20/packages/ti/syslink/lib/syslink.a_debug(ProcMgrDrvUsr.o)
 .ARM.extab     0x00064c1c       0x60 /home/chandler/Dev_J5ECO/component-sources/syslink_2_20_02_20/packages/ti/syslink/lib/syslink.a_debug(FrameQ_common.o)
 .ARM.extab     0x00064c7c       0xf0 /home/chandler/Dev_J5ECO/component-sources/syslink_2_20_02_20/packages/ti/syslink/lib/syslink.a_debug(ListMP.o)
 .ARM.extab     0x00064d6c       0x24 /home/chandler/Dev_J5ECO/component-sources/syslink_2_20_02_20/packages/ti/syslink/lib/syslink.a_debug(ListMPDrv.o)
 .ARM.extab     0x00064d90        0x0 /home/chandler/CodeSourcery/Sourcery_G++_Lite/bin/../arm-none-linux-gnueabi/libc/usr/lib/libc_nonshared.a(elf-init.oS)
 .ARM.extab.init
                0x00064d90        0x0 /home/chandler/CodeSourcery/Sourcery_G++_Lite/bin/../arm-none-linux-gnueabi/libc/usr/lib/crtn.o
 .ARM.extab.fini
                0x00064d90        0x0 /home/chandler/CodeSourcery/Sourcery_G++_Lite/bin/../arm-none-linux-gnueabi/libc/usr/lib/crtn.o
                0x00064d90                __exidx_start = .

.ARM.exidx      0x00064d90     0x1058
 *(.ARM.exidx* .gnu.linkonce.armexidx.*)
 .ARM.exidx     0x00064da0        0x0 /home/chandler/CodeSourcery/Sourcery_G++_Lite/bin/../arm-none-linux-gnueabi/libc/usr/lib/crt1.o
                                  0x8 (size before relaxing)
 .ARM.exidx     0x00064da0        0x8 /home/chandler/CodeSourcery/Sourcery_G++_Lite/bin/../arm-none-linux-gnueabi/libc/usr/lib/crti.o
 .ARM.exidx     0x00064da8        0x8 /home/chandler/CodeSourcery/Sourcery_G++_Lite/bin/../lib/gcc/arm-none-linux-gnueabi/4.3.3/crtbegin.o
                                 0x10 (size before relaxing)
 .ARM.exidx     0x00064db0       0x58 bin/debug/obj/main_host.ov5T
 .ARM.exidx     0x00064e08       0x28 bin/debug/obj/App.ov5T
 .ARM.exidx     0x00064e30       0x10 bin/debug/obj/ParaMP4Enc.ov5T
 .ARM.exidx     0x00064e40       0x18 bin/debug/obj/ParaParser.ov5T
 .ARM.exidx     0x00064e58       0x10 bin/debug/obj/CallBack.ov5T
 .ARM.exidx     0x00064e68       0x40 bin/debug/obj/common.ov5T
                                 0x48 (size before relaxing)
 .ARM.exidx     0x00064ea8        0x8 bin/debug/obj/customer_folder/111.ov5T
 .ARM.exidx     0x00064eb0       0xf0 /home/chandler/Dev_J5ECO/component-sources/syslink_2_20_02_20/packages/ti/syslink/lib/syslink.a_debug(SharedRegion.o)
 .ARM.exidx     0x00064fa0       0x88 /home/chandler/Dev_J5ECO/component-sources/syslink_2_20_02_20/packages/ti/syslink/lib/syslink.a_debug(Notify.o)
 .ARM.exidx     0x00065028       0xc0 /home/chandler/Dev_J5ECO/component-sources/syslink_2_20_02_20/packages/ti/syslink/lib/syslink.a_debug(MessageQ.o)
 .ARM.exidx     0x000650e8       0x48 /home/chandler/Dev_J5ECO/component-sources/syslink_2_20_02_20/packages/ti/syslink/lib/syslink.a_debug(Ipc.o)
 .ARM.exidx     0x00065130       0xf0 /home/chandler/Dev_J5ECO/component-sources/syslink_2_20_02_20/packages/ti/syslink/lib/syslink.a_debug(RingIO.o)
 .ARM.exidx     0x00065220       0x20 /home/chandler/Dev_J5ECO/component-sources/syslink_2_20_02_20/packages/ti/syslink/lib/syslink.a_debug(RingIOShm.o)
 .ARM.exidx     0x00065240       0xf0 /home/chandler/Dev_J5ECO/component-sources/syslink_2_20_02_20/packages/ti/syslink/lib/syslink.a_debug(FrameQ.o)
 .ARM.exidx     0x00065330      0x120 /home/chandler/Dev_J5ECO/component-sources/syslink_2_20_02_20/packages/ti/syslink/lib/syslink.a_debug(FrameQBufMgr.o)
                                0x128 (size before relaxing)
 .ARM.exidx     0x00065450       0x98 /home/chandler/Dev_J5ECO/component-sources/syslink_2_20_02_20/packages/ti/syslink/lib/syslink.a_debug(ClientNotifyMgr.o)
 .ARM.exidx     0x000654e8       0x90 /home/chandler/Dev_J5ECO/component-sources/syslink_2_20_02_20/packages/ti/syslink/lib/syslink.a_debug(HeapMemMP.o)
 .ARM.exidx     0x00065578       0x88 /home/chandler/Dev_J5ECO/component-sources/syslink_2_20_02_20/packages/ti/syslink/lib/syslink.a_debug(HeapBufMP.o)
 .ARM.exidx     0x00065600       0xa8 /home/chandler/Dev_J5ECO/component-sources/syslink_2_20_02_20/packages/ti/syslink/lib/syslink.a_debug(GateMP.o)
 .ARM.exidx     0x000656a8       0x18 /home/chandler/Dev_J5ECO/component-sources/syslink_2_20_02_20/packages/ti/syslink/lib/syslink.a_debug(SharedRegionDrv.o)
 .ARM.exidx     0x000656c0       0x20 /home/chandler/Dev_J5ECO/component-sources/syslink_2_20_02_20/packages/ti/syslink/lib/syslink.a_debug(NotifyDrvUsr.o)
 .ARM.exidx     0x000656e0       0x18 /home/chandler/Dev_J5ECO/component-sources/syslink_2_20_02_20/packages/ti/syslink/lib/syslink.a_debug(HeapBufMPDrv.o)
 .ARM.exidx     0x000656f8       0x18 /home/chandler/Dev_J5ECO/component-sources/syslink_2_20_02_20/packages/ti/syslink/lib/syslink.a_debug(MessageQDrv.o)
 .ARM.exidx     0x00065710       0x18 /home/chandler/Dev_J5ECO/component-sources/syslink_2_20_02_20/packages/ti/syslink/lib/syslink.a_debug(IpcDrv.o)
 .ARM.exidx     0x00065728       0x18 /home/chandler/Dev_J5ECO/component-sources/syslink_2_20_02_20/packages/ti/syslink/lib/syslink.a_debug(FrameQDrv.o)
 .ARM.exidx     0x00065740       0x18 /home/chandler/Dev_J5ECO/component-sources/syslink_2_20_02_20/packages/ti/syslink/lib/syslink.a_debug(FrameQBufMgrDrv.o)
 .ARM.exidx     0x00065758       0x18 /home/chandler/Dev_J5ECO/component-sources/syslink_2_20_02_20/packages/ti/syslink/lib/syslink.a_debug(ClientNotifyMgrDrv.o)
 .ARM.exidx     0x00065770       0x18 /home/chandler/Dev_J5ECO/component-sources/syslink_2_20_02_20/packages/ti/syslink/lib/syslink.a_debug(RingIODrv.o)
 .ARM.exidx     0x00065788       0x18 /home/chandler/Dev_J5ECO/component-sources/syslink_2_20_02_20/packages/ti/syslink/lib/syslink.a_debug(RingIOShmDrv.o)
 .ARM.exidx     0x000657a0       0x18 /home/chandler/Dev_J5ECO/component-sources/syslink_2_20_02_20/packages/ti/syslink/lib/syslink.a_debug(HeapMemMPDrv.o)
 .ARM.exidx     0x000657b8       0x18 /home/chandler/Dev_J5ECO/component-sources/syslink_2_20_02_20/packages/ti/syslink/lib/syslink.a_debug(GateMPDrv.o)
 .ARM.exidx     0x000657d0       0x10 /home/chandler/Dev_J5ECO/component-sources/syslink_2_20_02_20/packages/ti/syslink/lib/syslink.a_debug(OsalProcess.o)
 .ARM.exidx     0x000657e0       0x30 /home/chandler/Dev_J5ECO/component-sources/syslink_2_20_02_20/packages/ti/syslink/lib/syslink.a_debug(GateMutex.o)
 .ARM.exidx     0x00065810       0x60 /home/chandler/Dev_J5ECO/component-sources/syslink_2_20_02_20/packages/ti/syslink/lib/syslink.a_debug(Memory.o)
 .ARM.exidx     0x00065870       0x88 /home/chandler/Dev_J5ECO/component-sources/syslink_2_20_02_20/packages/ti/syslink/lib/syslink.a_debug(List.o)
 .ARM.exidx     0x000658f8       0x20 /home/chandler/Dev_J5ECO/component-sources/syslink_2_20_02_20/packages/ti/syslink/lib/syslink.a_debug(String.o)
                                 0x40 (size before relaxing)
 .ARM.exidx     0x00065918       0x48 /home/chandler/Dev_J5ECO/component-sources/syslink_2_20_02_20/packages/ti/syslink/lib/syslink.a_debug(Trace.o)
 .ARM.exidx     0x00065960       0x98 /home/chandler/Dev_J5ECO/component-sources/syslink_2_20_02_20/packages/ti/syslink/lib/syslink.a_debug(NameServer.o)
 .ARM.exidx     0x000659f8       0x48 /home/chandler/Dev_J5ECO/component-sources/syslink_2_20_02_20/packages/ti/syslink/lib/syslink.a_debug(MultiProc.o)
 .ARM.exidx     0x00065a40       0x20 /home/chandler/Dev_J5ECO/component-sources/syslink_2_20_02_20/packages/ti/syslink/lib/syslink.a_debug(Gate.o)
 .ARM.exidx     0x00065a60       0x10 /home/chandler/Dev_J5ECO/component-sources/syslink_2_20_02_20/packages/ti/syslink/lib/syslink.a_debug(SysLink.o)
 .ARM.exidx     0x00065a70       0x28 /home/chandler/Dev_J5ECO/component-sources/syslink_2_20_02_20/packages/ti/syslink/lib/syslink.a_debug(Cache.o)
 .ARM.exidx     0x00065a98       0x18 /home/chandler/Dev_J5ECO/component-sources/syslink_2_20_02_20/packages/ti/syslink/lib/syslink.a_debug(NameServerDrv.o)
 .ARM.exidx     0x00065ab0       0x18 /home/chandler/Dev_J5ECO/component-sources/syslink_2_20_02_20/packages/ti/syslink/lib/syslink.a_debug(MultiProcDrv.o)
 .ARM.exidx     0x00065ac8        0x8 /home/chandler/Dev_J5ECO/component-sources/syslink_2_20_02_20/packages/ti/syslink/lib/syslink.a_debug(TraceDrv.o)
 .ARM.exidx     0x00065ad0        0x8 /home/chandler/Dev_J5ECO/component-sources/syslink_2_20_02_20/packages/ti/syslink/lib/syslink.a_debug(CacheDrv.o)
 .ARM.exidx     0x00065ad8        0x8 /home/chandler/Dev_J5ECO/component-sources/syslink_2_20_02_20/packages/ti/syslink/lib/syslink.a_debug(Dev.o)
 .ARM.exidx     0x00065ae0       0x88 /home/chandler/Dev_J5ECO/component-sources/syslink_2_20_02_20/packages/ti/syslink/lib/syslink.a_debug(MemoryOS.o)
 .ARM.exidx     0x00065b68       0x28 /home/chandler/Dev_J5ECO/component-sources/syslink_2_20_02_20/packages/ti/syslink/lib/syslink.a_debug(OsalDrv.o)
 .ARM.exidx     0x00065b90       0x20 /home/chandler/Dev_J5ECO/component-sources/syslink_2_20_02_20/packages/ti/syslink/lib/syslink.a_debug(OsalMutex.o)
 .ARM.exidx     0x00065bb0        0x8 /home/chandler/Dev_J5ECO/component-sources/syslink_2_20_02_20/packages/ti/syslink/lib/syslink.a_debug(OsalPrint.o)
 .ARM.exidx     0x00065bb8       0xe8 /home/chandler/Dev_J5ECO/component-sources/syslink_2_20_02_20/packages/ti/syslink/lib/syslink.a_debug(ProcMgr.o)
 .ARM.exidx     0x00065ca0       0x18 /home/chandler/Dev_J5ECO/component-sources/syslink_2_20_02_20/packages/ti/syslink/lib/syslink.a_debug(ProcMgrDrvUsr.o)
 .ARM.exidx     0x00065cb8       0x48 /home/chandler/Dev_J5ECO/component-sources/syslink_2_20_02_20/packages/ti/syslink/lib/syslink.a_debug(FrameQ_common.o)
 .ARM.exidx     0x00065d00       0xa8 /home/chandler/Dev_J5ECO/component-sources/syslink_2_20_02_20/packages/ti/syslink/lib/syslink.a_debug(ListMP.o)
 .ARM.exidx     0x00065da8       0x18 /home/chandler/Dev_J5ECO/component-sources/syslink_2_20_02_20/packages/ti/syslink/lib/syslink.a_debug(ListMPDrv.o)
 .ARM.exidx     0x00065dc0       0x18 /home/chandler/CodeSourcery/Sourcery_G++_Lite/bin/../arm-none-linux-gnueabi/libc/usr/lib/libc_nonshared.a(elf-init.oS)
                                 0x10 (size before relaxing)
 .ARM.exidx.init
                0x00064d90       0x10 /home/chandler/CodeSourcery/Sourcery_G++_Lite/bin/../arm-none-linux-gnueabi/libc/usr/lib/crtn.o
                                  0x8 (size before relaxing)
 .ARM.exidx.fini
                0x00065dd8       0x10 /home/chandler/CodeSourcery/Sourcery_G++_Lite/bin/../arm-none-linux-gnueabi/libc/usr/lib/crtn.o
                                  0x8 (size before relaxing)
                0x00065de8                __exidx_end = .

.eh_frame_hdr
 *(.eh_frame_hdr)

.eh_frame       0x00065de8        0x4
 *(.eh_frame)
 .eh_frame      0x00065de8        0x4 /home/chandler/CodeSourcery/Sourcery_G++_Lite/bin/../lib/gcc/arm-none-linux-gnueabi/4.3.3/crtend.o

.gcc_except_table
 *(.gcc_except_table .gcc_except_table.*)
                0x00065dec                . = (ALIGN (0x8000) - ((0x8000 - .) & 0x7fff))
                0x0006e000                . = (0x8000 DATA_SEGMENT_ALIGN 0x1000)

.eh_frame
 *(.eh_frame)

.gcc_except_table
 *(.gcc_except_table .gcc_except_table.*)

.tdata
 *(.tdata .tdata.* .gnu.linkonce.td.*)

.tbss
 *(.tbss .tbss.* .gnu.linkonce.tb.*)
 *(.tcommon)

.preinit_array  0x0006e000        0x0
                0x0006e000                PROVIDE (__preinit_array_start, .)
 *(.preinit_array)
                0x0006e000                PROVIDE (__preinit_array_end, .)

.init_array     0x0006e000        0x4
                0x0006e000                PROVIDE (__init_array_start, .)
 *(SORT(.init_array.*))
 *(.init_array)
 .init_array    0x0006e000        0x4 /home/chandler/CodeSourcery/Sourcery_G++_Lite/bin/../lib/gcc/arm-none-linux-gnueabi/4.3.3/crtbegin.o
                0x0006e004                PROVIDE (__init_array_end, .)

.fini_array     0x0006e004        0x4
                0x0006e004                PROVIDE (__fini_array_start, .)
 *(.fini_array)
 .fini_array    0x0006e004        0x4 /home/chandler/CodeSourcery/Sourcery_G++_Lite/bin/../lib/gcc/arm-none-linux-gnueabi/4.3.3/crtbegin.o
 *(SORT(.fini_array.*))
                0x0006e008                PROVIDE (__fini_array_end, .)

.ctors
 *crtbegin.o(.ctors)
 *crtbegin?.o(.ctors)
 *(EXCLUDE_FILE(*crtend?.o *crtend.o) .ctors)
 *(SORT(.ctors.*))
 *(.ctors)

.dtors
 *crtbegin.o(.dtors)
 *crtbegin?.o(.dtors)
 *(EXCLUDE_FILE(*crtend?.o *crtend.o) .dtors)
 *(SORT(.dtors.*))
 *(.dtors)

.jcr            0x0006e008        0x4
 *(.jcr)
 .jcr           0x0006e008        0x0 /home/chandler/CodeSourcery/Sourcery_G++_Lite/bin/../lib/gcc/arm-none-linux-gnueabi/4.3.3/crtbegin.o
 .jcr           0x0006e008        0x4 /home/chandler/CodeSourcery/Sourcery_G++_Lite/bin/../lib/gcc/arm-none-linux-gnueabi/4.3.3/crtend.o

.data.rel.ro    0x0006e00c       0x38
 *(.data.rel.ro.local* .gnu.linkonce.d.rel.ro.local.*)
 .data.rel.ro.local
                0x0006e00c       0x38 bin/debug/obj/common.ov5T
 *(.data.rel.ro* .gnu.linkonce.d.rel.ro.*)

.dynamic        0x0006e044      0x128
 *(.dynamic)
 .dynamic       0x0006e044      0x128 /home/chandler/CodeSourcery/Sourcery_G++_Lite/bin/../arm-none-linux-gnueabi/libc/usr/lib/crti.o
                0x0006e044                _DYNAMIC
                0x0006e16c                . = (. DATA_SEGMENT_RELRO_END 0x0)

.got            0x0006e16c      0x22c
 *(.got.plt)
 .got.plt       0x0006e16c      0x1cc /home/chandler/CodeSourcery/Sourcery_G++_Lite/bin/../arm-none-linux-gnueabi/libc/usr/lib/crti.o
                0x0006e16c                _GLOBAL_OFFSET_TABLE_
 *(.got)
 .got           0x0006e338       0x60 /home/chandler/CodeSourcery/Sourcery_G++_Lite/bin/../arm-none-linux-gnueabi/libc/usr/lib/crti.o

.data           0x0006e398      0x2f4
                0x0006e398                __data_start = .
 *(.data .data.* .gnu.linkonce.d.*)
 .data          0x0006e398        0x4 /home/chandler/CodeSourcery/Sourcery_G++_Lite/bin/../arm-none-linux-gnueabi/libc/usr/lib/crt1.o
                0x0006e398                data_start
 .data          0x0006e39c        0x0 /home/chandler/CodeSourcery/Sourcery_G++_Lite/bin/../arm-none-linux-gnueabi/libc/usr/lib/crti.o
 .data          0x0006e39c        0x4 /home/chandler/CodeSourcery/Sourcery_G++_Lite/bin/../lib/gcc/arm-none-linux-gnueabi/4.3.3/crtbegin.o
                0x0006e39c                __dso_handle
 .data          0x0006e3a0        0x0 bin/debug/obj/main_host.ov5T
 .data          0x0006e3a0        0x0 bin/debug/obj/App.ov5T
 .data          0x0006e3a0        0x0 bin/debug/obj/ParaMP4Enc.ov5T
 .data          0x0006e3a0        0x0 bin/debug/obj/ParaParser.ov5T
 .data          0x0006e3a0        0x0 bin/debug/obj/CallBack.ov5T
 .data          0x0006e3a0      0x2a0 bin/debug/obj/common.ov5T
                0x0006e5a0                cube_tex_coords
                0x0006e3e0                modelview
                0x0006e620                colors
                0x0006e420                cube_vertices
                0x0006e4e0                cube_normals
                0x0006e3a0                projection
 .data.rel.local
                0x0006e640        0xc bin/debug/obj/common.ov5T
 .data          0x0006e64c        0x0 bin/debug/obj/customer_folder/111.ov5T
 .data          0x0006e64c        0x4 /home/chandler/Dev_J5ECO/component-sources/syslink_2_20_02_20/packages/ti/syslink/lib/syslink.a_debug(SharedRegion.o)
                0x0006e64c                SharedRegion_module
 .data          0x0006e650        0x0 /home/chandler/Dev_J5ECO/component-sources/syslink_2_20_02_20/packages/ti/syslink/lib/syslink.a_debug(Notify.o)
 .data          0x0006e650        0x4 /home/chandler/Dev_J5ECO/component-sources/syslink_2_20_02_20/packages/ti/syslink/lib/syslink.a_debug(MessageQ.o)
                0x0006e650                MessageQ_module
 .data          0x0006e654        0x0 /home/chandler/Dev_J5ECO/component-sources/syslink_2_20_02_20/packages/ti/syslink/lib/syslink.a_debug(Ipc.o)
 .data          0x0006e654        0x0 /home/chandler/Dev_J5ECO/component-sources/syslink_2_20_02_20/packages/ti/syslink/lib/syslink.a_debug(RingIO.o)
 .data          0x0006e654        0x0 /home/chandler/Dev_J5ECO/component-sources/syslink_2_20_02_20/packages/ti/syslink/lib/syslink.a_debug(RingIOShm.o)
 .data          0x0006e654        0x4 /home/chandler/Dev_J5ECO/component-sources/syslink_2_20_02_20/packages/ti/syslink/lib/syslink.a_debug(FrameQ.o)
                0x0006e654                FrameQ_module
 .data          0x0006e658        0x4 /home/chandler/Dev_J5ECO/component-sources/syslink_2_20_02_20/packages/ti/syslink/lib/syslink.a_debug(FrameQBufMgr.o)
                0x0006e658                FrameQBufMgr_module
 .data          0x0006e65c        0x4 /home/chandler/Dev_J5ECO/component-sources/syslink_2_20_02_20/packages/ti/syslink/lib/syslink.a_debug(ClientNotifyMgr.o)
                0x0006e65c                ClientNotifyMgr_module
 .data          0x0006e660        0x0 /home/chandler/Dev_J5ECO/component-sources/syslink_2_20_02_20/packages/ti/syslink/lib/syslink.a_debug(HeapMemMP.o)
 .data          0x0006e660        0x4 /home/chandler/Dev_J5ECO/component-sources/syslink_2_20_02_20/packages/ti/syslink/lib/syslink.a_debug(HeapBufMP.o)
                0x0006e660                HeapBufMP_module
 .data          0x0006e664        0x4 /home/chandler/Dev_J5ECO/component-sources/syslink_2_20_02_20/packages/ti/syslink/lib/syslink.a_debug(GateMP.o)
 .data          0x0006e668        0x0 /home/chandler/Dev_J5ECO/component-sources/syslink_2_20_02_20/packages/ti/syslink/lib/syslink.a_debug(SharedRegionDrv.o)
 .data          0x0006e668        0x4 /home/chandler/Dev_J5ECO/component-sources/syslink_2_20_02_20/packages/ti/syslink/lib/syslink.a_debug(NotifyDrvUsr.o)
 .data          0x0006e66c        0x0 /home/chandler/Dev_J5ECO/component-sources/syslink_2_20_02_20/packages/ti/syslink/lib/syslink.a_debug(HeapBufMPDrv.o)
 .data          0x0006e66c        0x0 /home/chandler/Dev_J5ECO/component-sources/syslink_2_20_02_20/packages/ti/syslink/lib/syslink.a_debug(MessageQDrv.o)
 .data          0x0006e66c        0x0 /home/chandler/Dev_J5ECO/component-sources/syslink_2_20_02_20/packages/ti/syslink/lib/syslink.a_debug(IpcDrv.o)
 .data          0x0006e66c        0x0 /home/chandler/Dev_J5ECO/component-sources/syslink_2_20_02_20/packages/ti/syslink/lib/syslink.a_debug(FrameQDrv.o)
 .data          0x0006e66c        0x0 /home/chandler/Dev_J5ECO/component-sources/syslink_2_20_02_20/packages/ti/syslink/lib/syslink.a_debug(FrameQBufMgrDrv.o)
 .data          0x0006e66c        0x0 /home/chandler/Dev_J5ECO/component-sources/syslink_2_20_02_20/packages/ti/syslink/lib/syslink.a_debug(ClientNotifyMgrDrv.o)
 .data          0x0006e66c        0x0 /home/chandler/Dev_J5ECO/component-sources/syslink_2_20_02_20/packages/ti/syslink/lib/syslink.a_debug(RingIODrv.o)
 .data          0x0006e66c        0x0 /home/chandler/Dev_J5ECO/component-sources/syslink_2_20_02_20/packages/ti/syslink/lib/syslink.a_debug(RingIOShmDrv.o)
 .data          0x0006e66c        0x0 /home/chandler/Dev_J5ECO/component-sources/syslink_2_20_02_20/packages/ti/syslink/lib/syslink.a_debug(HeapMemMPDrv.o)
 .data          0x0006e66c        0x0 /home/chandler/Dev_J5ECO/component-sources/syslink_2_20_02_20/packages/ti/syslink/lib/syslink.a_debug(GateMPDrv.o)
 .data          0x0006e66c        0x0 /home/chandler/Dev_J5ECO/component-sources/syslink_2_20_02_20/packages/ti/syslink/lib/syslink.a_debug(OsalProcess.o)
 .data          0x0006e66c        0x0 /home/chandler/Dev_J5ECO/component-sources/syslink_2_20_02_20/packages/ti/syslink/lib/syslink.a_debug(GateMutex.o)
 .data          0x0006e66c        0x0 /home/chandler/Dev_J5ECO/component-sources/syslink_2_20_02_20/packages/ti/syslink/lib/syslink.a_debug(Memory.o)
 .data          0x0006e66c        0x0 /home/chandler/Dev_J5ECO/component-sources/syslink_2_20_02_20/packages/ti/syslink/lib/syslink.a_debug(List.o)
 .data          0x0006e66c        0x0 /home/chandler/Dev_J5ECO/component-sources/syslink_2_20_02_20/packages/ti/syslink/lib/syslink.a_debug(String.o)
 .data          0x0006e66c        0x0 /home/chandler/Dev_J5ECO/component-sources/syslink_2_20_02_20/packages/ti/syslink/lib/syslink.a_debug(Trace.o)
 .data          0x0006e66c        0x4 /home/chandler/Dev_J5ECO/component-sources/syslink_2_20_02_20/packages/ti/syslink/lib/syslink.a_debug(NameServer.o)
                0x0006e66c                NameServer_module
 .data          0x0006e670        0x4 /home/chandler/Dev_J5ECO/component-sources/syslink_2_20_02_20/packages/ti/syslink/lib/syslink.a_debug(MultiProc.o)
                0x0006e670                MultiProc_module
 .data          0x0006e674        0xc /home/chandler/Dev_J5ECO/component-sources/syslink_2_20_02_20/packages/ti/syslink/lib/syslink.a_debug(Gate.o)
                0x0006e67c                Gate_systemHandle
                0x0006e674                Gate_systemObject
 .data          0x0006e680        0x0 /home/chandler/Dev_J5ECO/component-sources/syslink_2_20_02_20/packages/ti/syslink/lib/syslink.a_debug(SysLink.o)
 .data          0x0006e680        0x0 /home/chandler/Dev_J5ECO/component-sources/syslink_2_20_02_20/packages/ti/syslink/lib/syslink.a_debug(Cache.o)
 .data          0x0006e680        0x0 /home/chandler/Dev_J5ECO/component-sources/syslink_2_20_02_20/packages/ti/syslink/lib/syslink.a_debug(NameServerDrv.o)
 .data          0x0006e680        0x0 /home/chandler/Dev_J5ECO/component-sources/syslink_2_20_02_20/packages/ti/syslink/lib/syslink.a_debug(MultiProcDrv.o)
 .data          0x0006e680        0x0 /home/chandler/Dev_J5ECO/component-sources/syslink_2_20_02_20/packages/ti/syslink/lib/syslink.a_debug(TraceDrv.o)
 .data          0x0006e680        0x0 /home/chandler/Dev_J5ECO/component-sources/syslink_2_20_02_20/packages/ti/syslink/lib/syslink.a_debug(CacheDrv.o)
 .data          0x0006e680        0x0 /home/chandler/Dev_J5ECO/component-sources/syslink_2_20_02_20/packages/ti/syslink/lib/syslink.a_debug(Dev.o)
 .data          0x0006e680        0x0 /home/chandler/Dev_J5ECO/component-sources/syslink_2_20_02_20/packages/ti/syslink/lib/syslink.a_debug(MemoryOS.o)
 .data          0x0006e680        0x4 /home/chandler/Dev_J5ECO/component-sources/syslink_2_20_02_20/packages/ti/syslink/lib/syslink.a_debug(OsalDrv.o)
 .data          0x0006e684        0x0 /home/chandler/Dev_J5ECO/component-sources/syslink_2_20_02_20/packages/ti/syslink/lib/syslink.a_debug(OsalMutex.o)
 .data          0x0006e684        0x0 /home/chandler/Dev_J5ECO/component-sources/syslink_2_20_02_20/packages/ti/syslink/lib/syslink.a_debug(OsalPrint.o)
 .data          0x0006e684        0x0 /home/chandler/Dev_J5ECO/component-sources/syslink_2_20_02_20/packages/ti/syslink/lib/syslink.a_debug(ProcMgr.o)
 .data          0x0006e684        0x4 /home/chandler/Dev_J5ECO/component-sources/syslink_2_20_02_20/packages/ti/syslink/lib/syslink.a_debug(ProcMgrDrvUsr.o)
 .data          0x0006e688        0x0 /home/chandler/Dev_J5ECO/component-sources/syslink_2_20_02_20/packages/ti/syslink/lib/syslink.a_debug(FrameQ_common.o)
 .data          0x0006e688        0x4 /home/chandler/Dev_J5ECO/component-sources/syslink_2_20_02_20/packages/ti/syslink/lib/syslink.a_debug(ListMP.o)
                0x0006e688                ListMP_module
 .data          0x0006e68c        0x0 /home/chandler/Dev_J5ECO/component-sources/syslink_2_20_02_20/packages/ti/syslink/lib/syslink.a_debug(ListMPDrv.o)
 .data          0x0006e68c        0x0 /home/chandler/CodeSourcery/Sourcery_G++_Lite/bin/../arm-none-linux-gnueabi/libc/usr/lib/libc_nonshared.a(elf-init.oS)
 .data          0x0006e68c        0x0 /home/chandler/CodeSourcery/Sourcery_G++_Lite/bin/../lib/gcc/arm-none-linux-gnueabi/4.3.3/crtend.o
 .data          0x0006e68c        0x0 /home/chandler/CodeSourcery/Sourcery_G++_Lite/bin/../arm-none-linux-gnueabi/libc/usr/lib/crtn.o

.data1
 *(.data1)
                0x0006e68c                _edata = .
                0x0006e68c                PROVIDE (edata, .)
                0x0006e68c                __bss_start = .
                0x0006e68c                __bss_start__ = .

.bss            0x0006e690    0x2e72c
 *(.dynbss)
 .dynbss        0x0006e690        0x4 /home/chandler/CodeSourcery/Sourcery_G++_Lite/bin/../arm-none-linux-gnueabi/libc/usr/lib/crti.o
                0x0006e690                stderr@@GLIBC_2.4
 *(.bss .bss.* .gnu.linkonce.b.*)
 .bss           0x0006e694        0x0 /home/chandler/CodeSourcery/Sourcery_G++_Lite/bin/../arm-none-linux-gnueabi/libc/usr/lib/crt1.o
 .bss           0x0006e694        0x0 /home/chandler/CodeSourcery/Sourcery_G++_Lite/bin/../arm-none-linux-gnueabi/libc/usr/lib/crti.o
 .bss           0x0006e694        0x1 /home/chandler/CodeSourcery/Sourcery_G++_Lite/bin/../lib/gcc/arm-none-linux-gnueabi/4.3.3/crtbegin.o
 *fill*         0x0006e695        0x3 00
 .bss           0x0006e698       0x98 bin/debug/obj/main_host.ov5T
                0x0006e6a0                cmdMsg
                0x0006e69c                hMessageQ
                0x0006e698                hHeap
 .bss           0x0006e730       0x58 bin/debug/obj/App.ov5T
 .bss           0x0006e788        0x0 bin/debug/obj/ParaMP4Enc.ov5T
 .bss           0x0006e788        0x0 bin/debug/obj/ParaParser.ov5T
 .bss           0x0006e788        0x0 bin/debug/obj/CallBack.ov5T
 .bss           0x0006e788       0x24 bin/debug/obj/common.ov5T
                0x0006e794                surface
                0x0006e78c                profiling
                0x0006e788                gQuit
                0x0006e790                glTexBindStreamIMG
 .bss           0x0006e7ac        0x0 bin/debug/obj/customer_folder/111.ov5T
 .bss           0x0006e7ac      0x138 /home/chandler/Dev_J5ECO/component-sources/syslink_2_20_02_20/packages/ti/syslink/lib/syslink.a_debug(SharedRegion.o)
                0x0006e7ac                SharedRegion_state
 .bss           0x0006e8e4       0x14 /home/chandler/Dev_J5ECO/component-sources/syslink_2_20_02_20/packages/ti/syslink/lib/syslink.a_debug(Notify.o)
                0x0006e8e4                Notify_state